Component: ARM Compiler 5.06 update 6 (build 750) Tool: armlink [4d35ed]

==============================================================================

Section Cross References

    system_stm32l1xx.o(i.SystemCoreClockUpdate) refers to system_stm32l1xx.o(.data) for SystemCoreClock
    system_stm32l1xx.o(i.SystemCoreClockUpdate) refers to system_stm32l1xx.o(.constdata) for PLLMulTable
    startup_stm32l152xb.o(STACK) refers (Special) to heapauxi.o(.text) for __use_two_region_memory
    startup_stm32l152xb.o(HEAP) refers (Special) to heapauxi.o(.text) for __use_two_region_memory
    startup_stm32l152xb.o(RESET) refers (Special) to heapauxi.o(.text) for __use_two_region_memory
    startup_stm32l152xb.o(RESET) refers to startup_stm32l152xb.o(STACK) for __initial_sp
    startup_stm32l152xb.o(RESET) refers to startup_stm32l152xb.o(.text) for Reset_Handler
    startup_stm32l152xb.o(RESET) refers to hal_cm3.o(.emb_text) for SVC_Handler
    startup_stm32l152xb.o(.text) refers (Special) to heapauxi.o(.text) for __use_two_region_memory
    startup_stm32l152xb.o(.text) refers to system_stm32l1xx.o(i.SystemInit) for SystemInit
    startup_stm32l152xb.o(.text) refers to __main.o(!!!main) for __main
    startup_stm32l152xb.o(.text) refers to startup_stm32l152xb.o(HEAP) for Heap_Mem
    startup_stm32l152xb.o(.text) refers to startup_stm32l152xb.o(STACK) for Stack_Mem
    main.o(i.DS1820_GPIO_Configure) refers to main.o(i.LL_AHB1_GRP1_EnableClock) for LL_AHB1_GRP1_EnableClock
    main.o(i.DS1820_GPIO_Configure) refers to stm32l1xx_ll_gpio.o(i.LL_GPIO_Init) for LL_GPIO_Init
    main.o(i.DS1820_ResetPulse) refers to main.o(i.OW_Master) for OW_Master
    main.o(i.DS1820_ResetPulse) refers to main.o(i.LL_GPIO_ResetOutputPin) for LL_GPIO_ResetOutputPin
    main.o(i.DS1820_ResetPulse) refers to dwt_delay.o(i.DWT_Delay) for DWT_Delay
    main.o(i.DS1820_ResetPulse) refers to main.o(i.OW_Slave) for OW_Slave
    main.o(i.DS1820_ResetPulse) refers to main.o(i.LL_GPIO_IsInputPinSet) for LL_GPIO_IsInputPinSet
    main.o(i.OW_Master) refers to main.o(i.LL_GPIO_SetPinMode) for LL_GPIO_SetPinMode
    main.o(i.OW_Master) refers to main.o(i.LL_GPIO_SetPinPull) for LL_GPIO_SetPinPull
    main.o(i.OW_ReadBit) refers to main.o(i.OW_Master) for OW_Master
    main.o(i.OW_ReadBit) refers to main.o(i.LL_GPIO_ResetOutputPin) for LL_GPIO_ResetOutputPin
    main.o(i.OW_ReadBit) refers to dwt_delay.o(i.DWT_Delay) for DWT_Delay
    main.o(i.OW_ReadBit) refers to main.o(i.OW_Slave) for OW_Slave
    main.o(i.OW_ReadBit) refers to main.o(i.LL_GPIO_IsInputPinSet) for LL_GPIO_IsInputPinSet
    main.o(i.OW_ReadByte) refers to main.o(i.OW_ReadBit) for OW_ReadBit
    main.o(i.OW_ReadByte) refers to dwt_delay.o(i.DWT_Delay) for DWT_Delay
    main.o(i.OW_Slave) refers to main.o(i.LL_GPIO_SetPinMode) for LL_GPIO_SetPinMode
    main.o(i.OW_Slave) refers to main.o(i.LL_GPIO_SetPinPull) for LL_GPIO_SetPinPull
    main.o(i.OW_WriteBit) refers to main.o(i.OW_Master) for OW_Master
    main.o(i.OW_WriteBit) refers to main.o(i.LL_GPIO_ResetOutputPin) for LL_GPIO_ResetOutputPin
    main.o(i.OW_WriteBit) refers to dwt_delay.o(i.DWT_Delay) for DWT_Delay
    main.o(i.OW_WriteBit) refers to main.o(i.OW_Slave) for OW_Slave
    main.o(i.OW_WriteByte) refers to main.o(i.OW_WriteBit) for OW_WriteBit
    main.o(i.SystemClock_Config) refers to main.o(i.LL_APB1_GRP1_EnableClock) for LL_APB1_GRP1_EnableClock
    main.o(i.SystemClock_Config) refers to main.o(i.LL_RCC_HSI_IsReady) for LL_RCC_HSI_IsReady
    main.o(i.SystemClock_Config) refers to stm32l1xx_ll_utils.o(i.LL_Init1msTick) for LL_Init1msTick
    main.o(i.SystemClock_Config) refers to stm32l1xx_ll_utils.o(i.LL_SetSystemCoreClock) for LL_SetSystemCoreClock
    main.o(i.TIMBase_Config) refers to main.o(i.LL_APB1_GRP1_EnableClock) for LL_APB1_GRP1_EnableClock
    main.o(i.TIM_GPIO_Config) refers to main.o(i.LL_AHB1_GRP1_EnableClock) for LL_AHB1_GRP1_EnableClock
    main.o(i.TIM_GPIO_Config) refers to stm32l1xx_ll_gpio.o(i.LL_GPIO_Init) for LL_GPIO_Init
    main.o(i.TIM_GPIO_Config) refers to main.o(i.LL_GPIO_ResetOutputPin) for LL_GPIO_ResetOutputPin
    main.o(i.fan_control) refers to main.o(i.get_temp) for get_temp
    main.o(i.fan_control) refers to f2d.o(x$fpl$f2d) for __aeabi_f2d
    main.o(i.fan_control) refers to drleqf.o(x$fpl$drleqf) for __aeabi_cdrcmple
    main.o(i.fan_control) refers to main.o(i.motor_on) for motor_on
    main.o(i.fan_control) refers to main.o(i.motor_off) for motor_off
    main.o(i.fan_control) refers to main.o(.data) for temp
    main.o(i.front_light_control) refers to main.o(i.is_dark) for is_dark
    main.o(i.front_light_control) refers to main.o(i.light_on) for light_on
    main.o(i.front_light_control) refers to main.o(i.light_off) for light_off
    main.o(i.front_light_control) refers to main.o(.data) for dark
    main.o(i.get_temp) refers to main.o(i.DS1820_ResetPulse) for DS1820_ResetPulse
[...]
    defsig_fpe_inner.o(.text) refers to defsig_general.o(.text) for __default_signal_display
    defsig_rtred_inner.o(.text) refers to defsig_general.o(.text) for __default_signal_display
    defsig_stak_inner.o(.text) refers to defsig_general.o(.text) for __default_signal_display
    defsig_pvfn_inner.o(.text) refers to defsig_general.o(.text) for __default_signal_display
    defsig_cppl_inner.o(.text) refers to defsig_general.o(.text) for __default_signal_display
    defsig_segv_inner.o(.text) refers to defsig_general.o(.text) for __default_signal_display
    defsig_other.o(.text) refers to defsig_general.o(.text) for __default_signal_display


==============================================================================

Removing Unused input sections from the image.

    Removing system_stm32l1xx.o(.rev16_text), (4 bytes).
    Removing system_stm32l1xx.o(.revsh_text), (4 bytes).
    Removing system_stm32l1xx.o(.rrx_text), (6 bytes).
    Removing system_stm32l1xx.o(i.SystemCoreClockUpdate), (220 bytes).
    Removing system_stm32l1xx.o(.constdata), (33 bytes).
    Removing main.o(.rev16_text), (4 bytes).
    Removing main.o(.revsh_text), (4 bytes).
    Removing main.o(.rrx_text), (6 bytes).
    Removing main.o(.constdata), (28 bytes).
    Removing dwt_delay.o(.rev16_text), (4 bytes).
    Removing dwt_delay.o(.revsh_text), (4 bytes).
    Removing dwt_delay.o(.rrx_text), (6 bytes).
    Removing stm32l1xx_ll_lcd.o(.rev16_text), (4 bytes).
    Removing stm32l1xx_ll_lcd.o(.revsh_text), (4 bytes).
    Removing stm32l1xx_ll_lcd.o(.rrx_text), (6 bytes).
    Removing stm32l1xx_ll_lcd.o(i.LCD_WaitForSynchro), (24 bytes).
    Removing stm32l1xx_ll_lcd.o(i.LL_LCD_Clear), (52 bytes).
    Removing stm32l1xx_ll_lcd.o(i.LL_LCD_DeInit), (44 bytes).
    Removing stm32l1xx_ll_lcd.o(i.LL_LCD_Init), (180 bytes).
    Removing stm32l1xx_ll_lcd.o(i.LL_LCD_MspDeInit), (2 bytes).
    Removing stm32l1xx_ll_lcd.o(i.LL_LCD_MspInit), (2 bytes).
    Removing stm32l1xx_ll_lcd.o(i.LL_LCD_UpdateDisplayRequest), (44 bytes).
    Removing stm32l1xx_ll_lcd.o(i.LL_LCD_Write), (48 bytes).
    Removing stm32l152_glass_lcd.o(.rev16_text), (4 bytes).
    Removing stm32l152_glass_lcd.o(.revsh_text), (4 bytes).
    Removing stm32l152_glass_lcd.o(.rrx_text), (6 bytes).
    Removing stm32l152_glass_lcd.o(i.Convert), (208 bytes).
    Removing stm32l152_glass_lcd.o(i.LCD_GLASS_BarLevelConfig), (200 bytes).
    Removing stm32l152_glass_lcd.o(i.LCD_GLASS_BlinkConfig), (40 bytes).
    Removing stm32l152_glass_lcd.o(i.LCD_GLASS_Clear), (8 bytes).
    Removing stm32l152_glass_lcd.o(i.LCD_GLASS_ClearBar), (108 bytes).
    Removing stm32l152_glass_lcd.o(i.LCD_GLASS_Contrast), (32 bytes).
    Removing stm32l152_glass_lcd.o(i.LCD_GLASS_DisplayBar), (108 bytes).
    Removing stm32l152_glass_lcd.o(i.LCD_GLASS_DisplayChar), (1480 bytes).
    Removing stm32l152_glass_lcd.o(i.LCD_GLASS_DisplayStrDeci), (112 bytes).
    Removing stm32l152_glass_lcd.o(i.LCD_GLASS_DisplayString), (58 bytes).
    Removing stm32l152_glass_lcd.o(i.LCD_GLASS_Init), (76 bytes).
    Removing stm32l152_glass_lcd.o(i.LCD_GLASS_ScrollSentence), (208 bytes).
    Removing stm32l152_glass_lcd.o(i.LCD_GLASS_WriteChar), (28 bytes).
    Removing stm32l152_glass_lcd.o(i.LCD_MspInit), (248 bytes).
    Removing stm32l152_glass_lcd.o(i.LL_AHB1_GRP1_EnableClock), (28 bytes).
    Removing stm32l152_glass_lcd.o(i.LL_APB1_GRP1_EnableClock), (28 bytes).
    Removing stm32l152_glass_lcd.o(i.LL_RCC_LSE_IsReady), (16 bytes).
    Removing stm32l152_glass_lcd.o(.bss), (64 bytes).
    Removing stm32l152_glass_lcd.o(.constdata), (72 bytes).
    Removing stm32l152_glass_lcd.o(.data), (2 bytes).
    Removing stm32l1xx_ll_pwr.o(.rev16_text), (4 bytes).
    Removing stm32l1xx_ll_pwr.o(.revsh_text), (4 bytes).
    Removing stm32l1xx_ll_pwr.o(.rrx_text), (6 bytes).
    Removing stm32l1xx_ll_pwr.o(i.LL_PWR_DeInit), (36 bytes).
    Removing stm32l1xx_ll_rcc.o(.rev16_text), (4 bytes).
    Removing stm32l1xx_ll_rcc.o(.revsh_text), (4 bytes).
    Removing stm32l1xx_ll_rcc.o(.rrx_text), (6 bytes).
    Removing stm32l1xx_ll_rcc.o(i.LL_RCC_DeInit), (192 bytes).
    Removing stm32l1xx_ll_rcc.o(i.LL_RCC_GetSystemClocksFreq), (36 bytes).
    Removing stm32l1xx_ll_rcc.o(i.RCC_GetHCLKClockFreq), (32 bytes).
    Removing stm32l1xx_ll_rcc.o(i.RCC_GetPCLK1ClockFreq), (36 bytes).
    Removing stm32l1xx_ll_rcc.o(i.RCC_GetPCLK2ClockFreq), (36 bytes).
    Removing stm32l1xx_ll_rcc.o(i.RCC_GetSystemClockFreq), (136 bytes).
    Removing stm32l1xx_ll_rcc.o(i.RCC_PLL_GetFreqDomain_SYS), (120 bytes).
    Removing stm32l1xx_ll_utils.o(.rev16_text), (4 bytes).
    Removing stm32l1xx_ll_utils.o(.revsh_text), (4 bytes).
    Removing stm32l1xx_ll_utils.o(.rrx_text), (6 bytes).
    Removing stm32l1xx_ll_utils.o(i.LL_PLL_ConfigSystemClock_HSE), (152 bytes).
    Removing stm32l1xx_ll_utils.o(i.LL_PLL_ConfigSystemClock_HSI), (104 bytes).
    Removing stm32l1xx_ll_utils.o(i.LL_RCC_HSE_IsReady), (16 bytes).
    Removing stm32l1xx_ll_utils.o(i.LL_RCC_HSI_IsReady), (16 bytes).
    Removing stm32l1xx_ll_utils.o(i.LL_RCC_PLL_ConfigDomain_SYS), (28 bytes).
    Removing stm32l1xx_ll_utils.o(i.LL_RCC_PLL_IsReady), (16 bytes).
    Removing stm32l1xx_ll_utils.o(i.UTILS_EnablePLLAndSwitchSystem), (212 bytes).
    Removing stm32l1xx_ll_utils.o(i.UTILS_GetPLLOutputFrequency), (60 bytes).
    Removing stm32l1xx_ll_utils.o(i.UTILS_PLL_IsBusy), (16 bytes).
    Removing stm32l1xx_ll_utils.o(i.UTILS_SetFlashLatency), (152 bytes).
    Removing stm32l1xx_ll_gpio.o(.rev16_text), (4 bytes).
    Removing stm32l1xx_ll_gpio.o(.revsh_text), (4 bytes).
    Removing stm32l1xx_ll_gpio.o(.rrx_text), (6 bytes).
    Removing stm32l1xx_ll_gpio.o(i.LL_AHB1_GRP1_ForceReset), (16 bytes).
    Removing stm32l1xx_ll_gpio.o(i.LL_AHB1_GRP1_ReleaseReset), (16 bytes).
    Removing stm32l1xx_ll_gpio.o(i.LL_GPIO_DeInit), (156 bytes).
    Removing stm32l1xx_ll_gpio.o(i.LL_GPIO_StructInit), (22 bytes).
    Removing rtx_conf_cm.o(.rev16_text), (4 bytes).
    Removing rtx_conf_cm.o(.revsh_text), (4 bytes).
    Removing rtx_conf_cm.o(.rrx_text), (6 bytes).
    Removing rtx_conf_cm.o(i.__user_perthread_libspace), (36 bytes).
    Removing rtx_conf_cm.o(i._mutex_initialize), (44 bytes).
    Removing rtx_conf_cm.o(i.os_idle_demon), (4 bytes).
    Removing rt_task.o(i.rt_init_context), (76 bytes).
    Removing rt_task.o(i.rt_sys_init), (340 bytes).
    Removing rt_task.o(i.rt_tsk_create), (144 bytes).
    Removing rt_task.o(i.rt_tsk_delete), (364 bytes).
    Removing rt_task.o(i.rt_tsk_pass), (48 bytes).
    Removing rt_task.o(i.rt_tsk_prio), (140 bytes).
    Removing rt_task.o(.bss), (56 bytes).
    Removing rt_mutex.o(i.rt_mut_init), (16 bytes).
    Removing rt_system.o(.emb_text), (0 bytes).
    Removing rt_system.o(i.os_tick_init), (40 bytes).
    Removing rt_system.o(i.rt_psh_req), (32 bytes).
    Removing rt_system.o(i.rt_resume), (176 bytes).
    Removing rt_system.o(i.rt_suspend), (44 bytes).
    Removing rt_system.o(i.rt_tsk_lock), (80 bytes).
    Removing rt_system.o(i.rt_tsk_unlock), (80 bytes).
    Removing rt_system.o(.data), (8 bytes).
    Removing rt_list.o(i.rt_get_same_rdy_prio), (36 bytes).
    Removing rt_list.o(i.rt_psq_enq), (92 bytes).
    Removing rt_robin.o(i.rt_init_robin), (24 bytes).
    Removing rt_membox.o(i._calloc_box), (30 bytes).
    Removing rt_membox.o(i._init_box), (70 bytes).
    Removing hal_cm3.o(i.dbg_init), (48 bytes).
    Removing hal_cm3.o(i.dbg_task_notify), (32 bytes).
    Removing hal_cm3.o(i.rt_init_stack), (80 bytes).
    Removing rt_event.o(i.isr_evt_set), (40 bytes).
    Removing rt_event.o(i.rt_evt_clr), (28 bytes).
    Removing rt_event.o(i.rt_evt_get), (12 bytes).
    Removing rt_event.o(i.rt_evt_set), (96 bytes).
    Removing rt_event.o(i.rt_evt_wait), (60 bytes).
    Removing rt_mailbox.o(i.isr_mbx_receive), (86 bytes).
    Removing rt_mailbox.o(i.isr_mbx_send), (14 bytes).
    Removing rt_mailbox.o(i.rt_mbx_check), (8 bytes).
    Removing rt_mailbox.o(i.rt_mbx_init), (24 bytes).
    Removing rt_mailbox.o(i.rt_mbx_send), (164 bytes).
    Removing rt_mailbox.o(i.rt_mbx_wait), (188 bytes).
    Removing rt_semaphore.o(i.isr_sem_send), (16 bytes).
    Removing rt_semaphore.o(i.rt_sem_init), (12 bytes).
    Removing rt_semaphore.o(i.rt_sem_send), (56 bytes).
    Removing rt_semaphore.o(i.rt_sem_wait), (64 bytes).
    Removing rt_time.o(i.rt_dly_wait), (6 bytes).
    Removing rt_time.o(i.rt_itv_set), (24 bytes).
    Removing rt_time.o(i.rt_itv_wait), (40 bytes).
    Removing rt_time.o(i.rt_time_get), (12 bytes).
    Removing rt_timer.o(i.rt_tmr_create), (80 bytes).
    Removing rt_timer.o(i.rt_tmr_kill), (52 bytes).

131 unused section(s) (total 8769 bytes) removed from the image.

==============================================================================

Image Symbol Table

    Local Symbols

    Symbol Name                              Value     Ov Type        Size  Object(Section)

    ../clib/angel/boardlib.s                 0x00000000   Number         0  boardshut.o ABSOLUTE
    ../clib/angel/boardlib.s                 0x00000000   Number         0  boardinit3.o ABSOLUTE
    ../clib/angel/boardlib.s                 0x00000000   Number         0  boardinit2.o ABSOLUTE
    ../clib/angel/boardlib.s                 0x00000000   Number         0  boardinit1.o ABSOLUTE
    ../clib/angel/handlers.s                 0x00000000   Number         0  __scatter_copy.o ABSOLUTE
    ../clib/angel/handlers.s                 0x00000000   Number         0  __scatter_zi.o ABSOLUTE
    ../clib/angel/kernel.s                   0x00000000   Number         0  __rtentry4.o ABSOLUTE
    ../clib/angel/kernel.s                   0x00000000   Number         0  rtexit2.o ABSOLUTE
    ../clib/angel/kernel.s                   0x00000000   Number         0  rtexit.o ABSOLUTE
    ../clib/angel/kernel.s                   0x00000000   Number         0  __rtentry.o ABSOLUTE
    ../clib/angel/kernel.s                   0x00000000   Number         0  __rtentry2.o ABSOLUTE
    ../clib/angel/rt.s                       0x00000000   Number         0  rt_raise.o ABSOLUTE
    ../clib/angel/scatter.s                  0x00000000   Number         0  __scatter.o ABSOLUTE
    ../clib/angel/startup.s                  0x00000000   Number         0  __main.o ABSOLUTE
    ../clib/angel/sys.s                      0x00000000   Number         0  indicate_semi.o ABSOLUTE
    ../clib/angel/sys.s                      0x00000000   Number         0  use_no_semi.o ABSOLUTE
    ../clib/angel/sys.s                      0x00000000   Number         0  sys_stackheap_outer.o ABSOLUTE
    ../clib/angel/sys.s                      0x00000000   Number         0  libspace.o ABSOLUTE
    ../clib/angel/sysapp.c                   0x00000000   Number         0  sys_command.o ABSOLUTE
    ../clib/angel/sysapp.c                   0x00000000   Number         0  sys_exit.o ABSOLUTE
    ../clib/angel/sysapp.c                   0x00000000   Number         0  sys_wrch.o ABSOLUTE
    ../clib/armsys.c                         0x00000000   Number         0  argv_veneer.o ABSOLUTE
    ../clib/armsys.c                         0x00000000   Number         0  argv_veneer.o ABSOLUTE
    ../clib/armsys.c                         0x00000000   Number         0  _get_argv_nomalloc.o ABSOLUTE
    ../clib/armsys.c                         0x00000000   Number         0  no_argv.o ABSOLUTE
    ../clib/heapalloc.c                      0x00000000   Number         0  hrguard.o ABSOLUTE
    ../clib/heapaux.c                        0x00000000   Number         0  heapauxi.o ABSOLUTE
    ../clib/libinit.s                        0x00000000   Number         0  libshutdown2.o ABSOLUTE
    ../clib/libinit.s                        0x00000000   Number         0  libinit2.o ABSOLUTE
    ../clib/libinit.s                        0x00000000   Number         0  libinit.o ABSOLUTE
    ../clib/libinit.s                        0x00000000   Number         0  libshutdown.o ABSOLUTE
    ../clib/memcpset.s                       0x00000000   Number         0  rt_memclr_w.o ABSOLUTE
    ../clib/signal.c                         0x00000000   Number         0  defsig_pvfn_inner.o ABSOLUTE
    ../clib/signal.c                         0x00000000   Number         0  defsig_rtmem_inner.o ABSOLUTE
    ../clib/signal.c                         0x00000000   Number         0  defsig_other.o ABSOLUTE
    ../clib/signal.c                         0x00000000   Number         0  defsig_segv_inner.o ABSOLUTE
    ../clib/signal.c                         0x00000000   Number         0  defsig_cppl_inner.o ABSOLUTE
    ../clib/signal.c                         0x00000000   Number         0  defsig_stak_inner.o ABSOLUTE
    ../clib/signal.c                         0x00000000   Number         0  defsig_rtred_inner.o ABSOLUTE
    ../clib/signal.c                         0x00000000   Number         0  defsig_fpe_inner.o ABSOLUTE
    ../clib/signal.c                         0x00000000   Number         0  defsig_abrt_inner.o ABSOLUTE
    ../clib/signal.c                         0x00000000   Number         0  defsig_general.o ABSOLUTE
    ../clib/signal.c                         0x00000000   Number         0  __raise.o ABSOLUTE
    ../clib/signal.c                         0x00000000   Number         0  defsig_exit.o ABSOLUTE
    ../clib/signal.c                         0x00000000   Number         0  defsig_rtmem_formal.o ABSOLUTE
    ../clib/signal.c                         0x00000000   Number         0  defsig_rtmem_outer.o ABSOLUTE
    ../clib/signal.s                         0x00000000   Number         0  defsig.o ABSOLUTE
    ../clib/stdlib.c                         0x00000000   Number         0  exit.o ABSOLUTE
    ../fplib/d2f.s                           0x00000000   Number         0  d2f.o ABSOLUTE
    ../fplib/dcmpi.s                         0x00000000   Number         0  dcmpi.o ABSOLUTE
    ../fplib/ddiv.s                          0x00000000   Number         0  ddiv.o ABSOLUTE
    ../fplib/dflt.s                          0x00000000   Number         0  dflt_clz.o ABSOLUTE
    ../fplib/dleqf.s                         0x00000000   Number         0  dleqf.o ABSOLUTE
    ../fplib/dmul.s                          0x00000000   Number         0  dmul.o ABSOLUTE
    ../fplib/dnaninf.s                       0x00000000   Number         0  dnaninf.o ABSOLUTE
    ../fplib/dretinf.s                       0x00000000   Number         0  dretinf.o ABSOLUTE
    ../fplib/drleqf.s                        0x00000000   Number         0  drleqf.o ABSOLUTE
    ../fplib/f2d.s                           0x00000000   Number         0  f2d.o ABSOLUTE
    ../fplib/fdiv.s                          0x00000000   Number         0  fdiv.o ABSOLUTE
    ../fplib/fmul.s                          0x00000000   Number         0  fmul.o ABSOLUTE
    ../fplib/fnaninf.s                       0x00000000   Number         0  fnaninf.o ABSOLUTE
    ../fplib/fpinit.s                        0x00000000   Number         0  fpinit.o ABSOLUTE
    ../fplib/fretinf.s                       0x00000000   Number         0  fretinf.o ABSOLUTE
    ../fplib/usenofp.s                       0x00000000   Number         0  usenofp.o ABSOLUTE
    ..\..\Drivers\CMSIS\Device\ST\STM32L1xx\Source\Templates\arm\startup_stm32l152xb.s 0x00000000   Number         0  startup_stm32l152xb.o ABSOLUTE
    ..\..\Drivers\CMSIS\Device\ST\STM32L1xx\Source\Templates\system_stm32l1xx.c 0x00000000   Number         0  system_stm32l1xx.o ABSOLUTE
    ..\..\Drivers\STM32L1xx_HAL_Driver\Src\stm32l1xx_ll_gpio.c 0x00000000   Number         0  stm32l1xx_ll_gpio.o ABSOLUTE
    ..\..\Drivers\STM32L1xx_HAL_Driver\Src\stm32l1xx_ll_pwr.c 0x00000000   Number         0  stm32l1xx_ll_pwr.o ABSOLUTE
    ..\..\Drivers\STM32L1xx_HAL_Driver\Src\stm32l1xx_ll_rcc.c 0x00000000   Number         0  stm32l1xx_ll_rcc.o ABSOLUTE
    ..\..\Drivers\STM32L1xx_HAL_Driver\Src\stm32l1xx_ll_utils.c 0x00000000   Number         0  stm32l1xx_ll_utils.o ABSOLUTE
    ..\\..\\Drivers\\CMSIS\\Device\\ST\\STM32L1xx\\Source\\Templates\\system_stm32l1xx.c 0x00000000   Number         0  system_stm32l1xx.o ABSOLUTE
    ..\\..\\Drivers\\STM32L1xx_HAL_Driver\\Src\\stm32l1xx_ll_gpio.c 0x00000000   Number         0  stm32l1xx_ll_gpio.o ABSOLUTE
    ..\\..\\Drivers\\STM32L1xx_HAL_Driver\\Src\\stm32l1xx_ll_pwr.c 0x00000000   Number         0  stm32l1xx_ll_pwr.o ABSOLUTE
    ..\\..\\Drivers\\STM32L1xx_HAL_Driver\\Src\\stm32l1xx_ll_rcc.c 0x00000000   Number         0  stm32l1xx_ll_rcc.o ABSOLUTE
    ..\\..\\Drivers\\STM32L1xx_HAL_Driver\\Src\\stm32l1xx_ll_utils.c 0x00000000   Number         0  stm32l1xx_ll_utils.o ABSOLUTE
    ..\\src\\RTX_Conf_CM.c                   0x00000000   Number         0  rtx_conf_cm.o ABSOLUTE
    ..\\src\\dwt_delay.c                     0x00000000   Number         0  dwt_delay.o ABSOLUTE
    ..\\src\\main.c                          0x00000000   Number         0  main.o ABSOLUTE
    ..\\src\\stm32l152_glass_lcd.c           0x00000000   Number         0  stm32l152_glass_lcd.o ABSOLUTE
    ..\\src\\stm32l1xx_ll_lcd.c              0x00000000   Number         0  stm32l1xx_ll_lcd.o ABSOLUTE
    ..\src\RTX_Conf_CM.c                     0x00000000   Number         0  rtx_conf_cm.o ABSOLUTE
    ..\src\dwt_delay.c                       0x00000000   Number         0  dwt_delay.o ABSOLUTE
    ..\src\main.c                            0x00000000   Number         0  main.o ABSOLUTE
    ..\src\stm32l152_glass_lcd.c             0x00000000   Number         0  stm32l152_glass_lcd.o ABSOLUTE
    ..\src\stm32l1xx_ll_lcd.c                0x00000000   Number         0  stm32l1xx_ll_lcd.o ABSOLUTE
    SRC\CM\HAL_CM3.c                         0x00000000   Number         0  hal_cm3.o ABSOLUTE
    SRC\CM\SVC_Table.s                       0x00000000   Number         0  svc_table.o ABSOLUTE
    SRC\CM\rt_Event.c                        0x00000000   Number         0  rt_event.o ABSOLUTE
    SRC\CM\rt_List.c                         0x00000000   Number         0  rt_list.o ABSOLUTE
    SRC\CM\rt_Mailbox.c                      0x00000000   Number         0  rt_mailbox.o ABSOLUTE
    SRC\CM\rt_MemBox.c                       0x00000000   Number         0  rt_membox.o ABSOLUTE
    SRC\CM\rt_Mutex.c                        0x00000000   Number         0  rt_mutex.o ABSOLUTE
    SRC\CM\rt_Robin.c                        0x00000000   Number         0  rt_robin.o ABSOLUTE
    SRC\CM\rt_Semaphore.c                    0x00000000   Number         0  rt_semaphore.o ABSOLUTE
    SRC\CM\rt_System.c                       0x00000000   Number         0  rt_system.o ABSOLUTE
    SRC\CM\rt_Task.c                         0x00000000   Number         0  rt_task.o ABSOLUTE
    SRC\CM\rt_Time.c                         0x00000000   Number         0  rt_time.o ABSOLUTE
    SRC\CM\rt_Timer.c                        0x00000000   Number         0  rt_timer.o ABSOLUTE
    SRC\\CM\\HAL_CM3.c                       0x00000000   Number         0  hal_cm3.o ABSOLUTE
    SRC\\CM\\rt_System.c                     0x00000000   Number         0  rt_system.o ABSOLUTE
    dc.s                                     0x00000000   Number         0  dc.o ABSOLUTE
    RESET                                    0x08000000   Section      244  startup_stm32l152xb.o(RESET)
    !!!main                                  0x080000f4   Section        8  __main.o(!!!main)
    !!!scatter                               0x080000fc   Section       52  __scatter.o(!!!scatter)
    !!handler_copy                           0x08000130   Section       26  __scatter_copy.o(!!handler_copy)
    !!handler_zi                             0x0800014c   Section       28  __scatter_zi.o(!!handler_zi)
    .ARM.Collect$$libinit$$00000000          0x08000168   Section        2  libinit.o(.ARM.Collect$$libinit$$00000000)
    .ARM.Collect$$libinit$$00000002          0x0800016a   Section        0  libinit2.o(.ARM.Collect$$libinit$$00000002)
    .ARM.Collect$$libinit$$00000004          0x0800016a   Section        0  libinit2.o(.ARM.Collect$$libinit$$00000004)
    .ARM.Collect$$libinit$$0000000A          0x0800016a   Section        0  libinit2.o(.ARM.Collect$$libinit$$0000000A)
    .ARM.Collect$$libinit$$0000000C          0x0800016a   Section        0  libinit2.o(.ARM.Collect$$libinit$$0000000C)
    .ARM.Collect$$libinit$$0000000E          0x0800016a   Section        0  libinit2.o(.ARM.Collect$$libinit$$0000000E)
    .ARM.Collect$$libinit$$00000011          0x0800016a   Section        0  libinit2.o(.ARM.Collect$$libinit$$00000011)
    .ARM.Collect$$libinit$$00000013          0x0800016a   Section        0  libinit2.o(.ARM.Collect$$libinit$$00000013)
    .ARM.Collect$$libinit$$00000015          0x0800016a   Section        0  libinit2.o(.ARM.Collect$$libinit$$00000015)
    .ARM.Collect$$libinit$$00000017          0x0800016a   Section        0  libinit2.o(.ARM.Collect$$libinit$$00000017)
    .ARM.Collect$$libinit$$00000019          0x0800016a   Section        0  libinit2.o(.ARM.Collect$$libinit$$00000019)
    .ARM.Collect$$libinit$$0000001B          0x0800016a   Section        0  libinit2.o(.ARM.Collect$$libinit$$0000001B)
    .ARM.Collect$$libinit$$0000001D          0x0800016a   Section        0  libinit2.o(.ARM.Collect$$libinit$$0000001D)
    .ARM.Collect$$libinit$$0000001F          0x0800016a   Section        0  libinit2.o(.ARM.Collect$$libinit$$0000001F)
    .ARM.Collect$$libinit$$00000021          0x0800016a   Section        0  libinit2.o(.ARM.Collect$$libinit$$00000021)
    .ARM.Collect$$libinit$$00000023          0x0800016a   Section        0  libinit2.o(.ARM.Collect$$libinit$$00000023)
    .ARM.Collect$$libinit$$00000025          0x0800016a   Section        0  libinit2.o(.ARM.Collect$$libinit$$00000025)
    .ARM.Collect$$libinit$$0000002C          0x0800016a   Section        0  libinit2.o(.ARM.Collect$$libinit$$0000002C)
    .ARM.Collect$$libinit$$0000002E          0x0800016a   Section        0  libinit2.o(.ARM.Collect$$libinit$$0000002E)
    .ARM.Collect$$libinit$$00000030          0x0800016a   Section        0  libinit2.o(.ARM.Collect$$libinit$$00000030)
    .ARM.Collect$$libinit$$00000032          0x0800016a   Section        0  libinit2.o(.ARM.Collect$$libinit$$00000032)
    .ARM.Collect$$libinit$$00000033          0x0800016a   Section        2  libinit2.o(.ARM.Collect$$libinit$$00000033)
    .ARM.Collect$$libshutdown$$00000000      0x0800016c   Section        2  libshutdown.o(.ARM.Collect$$libshutdown$$00000000)
    .ARM.Collect$$libshutdown$$00000002      0x0800016e   Section        0  libshutdown2.o(.ARM.Collect$$libshutdown$$00000002)
    .ARM.Collect$$libshutdown$$00000004      0x0800016e   Section        0  libshutdown2.o(.ARM.Collect$$libshutdown$$00000004)
    .ARM.Collect$$libshutdown$$00000007      0x0800016e   Section        0  libshutdown2.o(.ARM.Collect$$libshutdown$$00000007)
    .ARM.Collect$$libshutdown$$0000000A      0x0800016e   Section        0  libshutdown2.o(.ARM.Collect$$libshutdown$$0000000A)
    .ARM.Collect$$libshutdown$$0000000C      0x0800016e   Section        0  libshutdown2.o(.ARM.Collect$$libshutdown$$0000000C)
    .ARM.Collect$$libshutdown$$0000000F      0x0800016e   Section        0  libshutdown2.o(.ARM.Collect$$libshutdown$$0000000F)
    .ARM.Collect$$libshutdown$$00000010      0x0800016e   Section        2  libshutdown2.o(.ARM.Collect$$libshutdown$$00000010)
    .ARM.Collect$$rtentry$$00000000          0x08000170   Section        0  __rtentry.o(.ARM.Collect$$rtentry$$00000000)
    .ARM.Collect$$rtentry$$00000002          0x08000170   Section        0  __rtentry2.o(.ARM.Collect$$rtentry$$00000002)
    .ARM.Collect$$rtentry$$00000004          0x08000170   Section        6  __rtentry4.o(.ARM.Collect$$rtentry$$00000004)
    .ARM.Collect$$rtentry$$00000009          0x08000176   Section        0  __rtentry2.o(.ARM.Collect$$rtentry$$00000009)
    .ARM.Collect$$rtentry$$0000000A          0x08000176   Section        4  __rtentry2.o(.ARM.Collect$$rtentry$$0000000A)
    .ARM.Collect$$rtentry$$0000000C          0x0800017a   Section        0  __rtentry2.o(.ARM.Collect$$rtentry$$0000000C)
    .ARM.Collect$$rtentry$$0000000D          0x0800017a   Section        8  __rtentry2.o(.ARM.Collect$$rtentry$$0000000D)
    .ARM.Collect$$rtexit$$00000000           0x08000182   Section        2  rtexit.o(.ARM.Collect$$rtexit$$00000000)
    .ARM.Collect$$rtexit$$00000002           0x08000184   Section        0  rtexit2.o(.ARM.Collect$$rtexit$$00000002)
    .ARM.Collect$$rtexit$$00000003           0x08000184   Section        4  rtexit2.o(.ARM.Collect$$rtexit$$00000003)
    .ARM.Collect$$rtexit$$00000004           0x08000188   Section        6  rtexit2.o(.ARM.Collect$$rtexit$$00000004)
    .emb_text                                0x08000190   Section      340  hal_cm3.o(.emb_text)
    .text                                    0x080002e4   Section       64  startup_stm32l152xb.o(.text)
    .text                                    0x08000324   Section        8  libspace.o(.text)
    .text                                    0x0800032c   Section        0  heapauxi.o(.text)
    .text                                    0x08000332   Section       74  sys_stackheap_outer.o(.text)
    .text                                    0x0800037c   Section        0  exit.o(.text)
    .text                                    0x08000390   Section        0  sys_exit.o(.text)
    .text                                    0x0800039c   Section        2  use_no_semi.o(.text)
    .text                                    0x0800039e   Section        0  indicate_semi.o(.text)
    SVC_TABLE                                0x080003a0   Section        4  svc_table.o(SVC_TABLE)
    i.DS1820_GPIO_Configure                  0x080003a4   Section        0  main.o(i.DS1820_GPIO_Configure)
    i.DS1820_ResetPulse                      0x080003d0   Section        0  main.o(i.DS1820_ResetPulse)
    i.DWT_Delay                              0x08000418   Section        0  dwt_delay.o(i.DWT_Delay)
    i.DWT_Init                               0x08000448   Section        0  dwt_delay.o(i.DWT_Init)
    i.LL_AHB1_GRP1_EnableClock               0x08000478   Section        0  main.o(i.LL_AHB1_GRP1_EnableClock)
    LL_AHB1_GRP1_EnableClock                 0x08000479   Thumb Code    24  main.o(i.LL_AHB1_GRP1_EnableClock)
    i.LL_APB1_GRP1_EnableClock               0x08000494   Section        0  main.o(i.LL_APB1_GRP1_EnableClock)
    LL_APB1_GRP1_EnableClock                 0x08000495   Thumb Code    24  main.o(i.LL_APB1_GRP1_EnableClock)
    i.LL_GPIO_Init                           0x080004b0   Section        0  stm32l1xx_ll_gpio.o(i.LL_GPIO_Init)
    i.LL_GPIO_IsInputPinSet                  0x080005f4   Section        0  main.o(i.LL_GPIO_IsInputPinSet)
    LL_GPIO_IsInputPinSet                    0x080005f5   Thumb Code    18  main.o(i.LL_GPIO_IsInputPinSet)
    i.LL_GPIO_ResetOutputPin                 0x08000606   Section        0  main.o(i.LL_GPIO_ResetOutputPin)
    LL_GPIO_ResetOutputPin                   0x08000607   Thumb Code     6  main.o(i.LL_GPIO_ResetOutputPin)
    i.LL_GPIO_SetOutputPin                   0x0800060c   Section        0  main.o(i.LL_GPIO_SetOutputPin)
    LL_GPIO_SetOutputPin                     0x0800060d   Thumb Code     4  main.o(i.LL_GPIO_SetOutputPin)
    i.LL_GPIO_SetPinMode                     0x08000610   Section        0  main.o(i.LL_GPIO_SetPinMode)
    LL_GPIO_SetPinMode                       0x08000611   Thumb Code    40  main.o(i.LL_GPIO_SetPinMode)
    i.LL_GPIO_SetPinPull                     0x08000638   Section        0  main.o(i.LL_GPIO_SetPinPull)
    LL_GPIO_SetPinPull                       0x08000639   Thumb Code    40  main.o(i.LL_GPIO_SetPinPull)
    i.LL_Init1msTick                         0x08000660   Section        0  stm32l1xx_ll_utils.o(i.LL_Init1msTick)
    i.LL_RCC_HSI_IsReady                     0x0800067c   Section        0  main.o(i.LL_RCC_HSI_IsReady)
    LL_RCC_HSI_IsReady                       0x0800067d   Thumb Code    10  main.o(i.LL_RCC_HSI_IsReady)
    i.LL_SetSystemCoreClock                  0x0800068c   Section        0  stm32l1xx_ll_utils.o(i.LL_SetSystemCoreClock)
    i.LL_mDelay                              0x08000698   Section        0  stm32l1xx_ll_utils.o(i.LL_mDelay)
    i.OW_Master                              0x080006c0   Section        0  main.o(i.OW_Master)
    i.OW_ReadBit                             0x080006dc   Section        0  main.o(i.OW_ReadBit)
    i.OW_ReadByte                            0x08000704   Section        0  main.o(i.OW_ReadByte)
    i.OW_Slave                               0x08000730   Section        0  main.o(i.OW_Slave)
    i.OW_WriteBit                            0x0800074c   Section        0  main.o(i.OW_WriteBit)
    i.OW_WriteByte                           0x08000788   Section        0  main.o(i.OW_WriteByte)
    i.SystemClock_Config                     0x080007a4   Section        0  main.o(i.SystemClock_Config)
    i.SystemInit                             0x080008d0   Section        0  system_stm32l1xx.o(i.SystemInit)
    i.TIMBase_Config                         0x08000934   Section        0  main.o(i.TIMBase_Config)
    i.TIM_GPIO_Config                        0x08000954   Section        0  main.o(i.TIM_GPIO_Config)
    i._mutex_acquire                         0x080009a4   Section        0  rtx_conf_cm.o(i._mutex_acquire)
    __tagsym$$used                           0x080009a5   Number         0  rtx_conf_cm.o(i._mutex_acquire)
    i._mutex_release                         0x080009c4   Section        0  rtx_conf_cm.o(i._mutex_release)
    __tagsym$$used                           0x080009c5   Number         0  rtx_conf_cm.o(i._mutex_release)
    i.dbg_task_switch                        0x080009e0   Section        0  hal_cm3.o(i.dbg_task_switch)
    i.fan_control                            0x080009f0   Section        0  main.o(i.fan_control)
    i.front_light_control                    0x08000a24   Section        0  main.o(i.front_light_control)
    i.get_temp                               0x08000a44   Section        0  main.o(i.get_temp)
    i.getdistance                            0x08000ad8   Section        0  main.o(i.getdistance)
    i.house_light_control                    0x08000c68   Section        0  main.o(i.house_light_control)
    i.house_light_off                        0x08000cc4   Section        0  main.o(i.house_light_off)
    i.house_light_on                         0x08000cd8   Section        0  main.o(i.house_light_on)
    i.is_dark                                0x08000cec   Section        0  main.o(i.is_dark)
    i.light_off                              0x08000d2c   Section        0  main.o(i.light_off)
    i.light_on                               0x08000d40   Section        0  main.o(i.light_on)
    i.main                                   0x08000d54   Section        0  main.o(i.main)
    i.motor_config                           0x08000d90   Section        0  main.o(i.motor_config)
    i.motor_off                              0x08000dbc   Section        0  main.o(i.motor_off)
    i.motor_on                               0x08000dd0   Section        0  main.o(i.motor_on)
    i.os_error                               0x08000de4   Section        0  rtx_conf_cm.o(i.os_error)
    i.os_tick_irqack                         0x08000de8   Section        0  rt_system.o(i.os_tick_irqack)
    i.os_tmr_call                            0x08000dea   Section        0  rtx_conf_cm.o(i.os_tmr_call)
    i.rt_alloc_box                           0x08000dec   Section        0  rt_membox.o(i.rt_alloc_box)
    i.rt_block                               0x08000e08   Section        0  rt_task.o(i.rt_block)
    i.rt_chk_robin                           0x08000e40   Section        0  rt_robin.o(i.rt_chk_robin)
    i.rt_dec_dly                             0x08000e88   Section        0  rt_list.o(i.rt_dec_dly)
    i.rt_dispatch                            0x08000efc   Section        0  rt_task.o(i.rt_dispatch)
    i.rt_evt_psh                             0x08000f40   Section        0  rt_event.o(i.rt_evt_psh)
    i.rt_free_box                            0x08000f8c   Section        0  rt_membox.o(i.rt_free_box)
    i.rt_get_first                           0x08000fac   Section        0  rt_list.o(i.rt_get_first)
    i.rt_mbx_psh                             0x08000fd4   Section        0  rt_mailbox.o(i.rt_mbx_psh)
    i.rt_mut_release                         0x080010a8   Section        0  rt_mutex.o(i.rt_mut_release)
    i.rt_mut_wait                            0x0800118c   Section        0  rt_mutex.o(i.rt_mut_wait)
    i.rt_pop_req                             0x080011f4   Section        0  rt_system.o(i.rt_pop_req)
    i.rt_put_dly                             0x08001270   Section        0  rt_list.o(i.rt_put_dly)
    i.rt_put_prio                            0x080012b8   Section        0  rt_list.o(i.rt_put_prio)
    i.rt_put_rdy_first                       0x080012f0   Section        0  rt_list.o(i.rt_put_rdy_first)
    i.rt_resort_prio                         0x08001304   Section        0  rt_list.o(i.rt_resort_prio)
    i.rt_rmv_dly                             0x08001338   Section        0  rt_list.o(i.rt_rmv_dly)
    i.rt_rmv_list                            0x08001360   Section        0  rt_list.o(i.rt_rmv_list)
    i.rt_sem_psh                             0x08001390   Section        0  rt_semaphore.o(i.rt_sem_psh)
    i.rt_stk_check                           0x080013c4   Section        0  rt_system.o(i.rt_stk_check)
    i.rt_switch_req                          0x080013e8   Section        0  rt_task.o(i.rt_switch_req)
    i.rt_systick                             0x08001410   Section        0  rt_system.o(i.rt_systick)
    i.rt_tmr_tick                            0x08001450   Section        0  rt_timer.o(i.rt_tmr_tick)
    i.rt_tsk_self                            0x08001490   Section        0  rt_task.o(i.rt_tsk_self)
    i.set_up_house_light                     0x080014a0   Section        0  main.o(i.set_up_house_light)
    i.set_up_light                           0x080014d4   Section        0  main.o(i.set_up_light)
    i.set_up_light_sensor                    0x08001500   Section        0  main.o(i.set_up_light_sensor)
    x$fpl$d2f                                0x080015ac   Section       98  d2f.o(x$fpl$d2f)
    x$fpl$dcmpinf                            0x0800160e   Section       24  dcmpi.o(x$fpl$dcmpinf)
    x$fpl$ddiv                               0x08001628   Section      688  ddiv.o(x$fpl$ddiv)
    ddiv_entry                               0x0800162f   Thumb Code     0  ddiv.o(x$fpl$ddiv)
    x$fpl$dfltu                              0x080018d8   Section       38  dflt_clz.o(x$fpl$dfltu)
    x$fpl$dleqf                              0x08001900   Section      120  dleqf.o(x$fpl$dleqf)
    x$fpl$dmul                               0x08001978   Section      340  dmul.o(x$fpl$dmul)
    x$fpl$dnaninf                            0x08001acc   Section      156  dnaninf.o(x$fpl$dnaninf)
    x$fpl$dretinf                            0x08001b68   Section       12  dretinf.o(x$fpl$dretinf)
    x$fpl$drleqf                             0x08001b74   Section      108  drleqf.o(x$fpl$drleqf)
    x$fpl$f2d                                0x08001be0   Section       86  f2d.o(x$fpl$f2d)
    x$fpl$fdiv                               0x08001c38   Section      388  fdiv.o(x$fpl$fdiv)
    _fdiv1                                   0x08001c39   Thumb Code     0  fdiv.o(x$fpl$fdiv)
    x$fpl$fmul                               0x08001dbc   Section      258  fmul.o(x$fpl$fmul)
    x$fpl$fnaninf                            0x08001ebe   Section      140  fnaninf.o(x$fpl$fnaninf)
    x$fpl$fretinf                            0x08001f4a   Section       10  fretinf.o(x$fpl$fretinf)
    .constdata                               0x08001f54   Section       40  rtx_conf_cm.o(.constdata)
    x$fpl$usenofp                            0x08001f54   Section        0  usenofp.o(x$fpl$usenofp)
    __tagsym$$used                           0x08001f68   Number         0  rtx_conf_cm.o(.constdata)
    __tagsym$$used                           0x08001f6c   Number         0  rtx_conf_cm.o(.constdata)
    .constdata                               0x08001f7c   Section        4  rt_system.o(.constdata)
    __tagsym$$used                           0x08001f7c   Number         0  rt_system.o(.constdata)
    .data                                    0x20000000   Section        4  system_stm32l1xx.o(.data)
    .data                                    0x20000004   Section       58  main.o(.data)
    .data                                    0x20000040   Section        8  rtx_conf_cm.o(.data)
    nr_mutex                                 0x20000044   Data           4  rtx_conf_cm.o(.data)
    .data                                    0x20000048   Section        8  rt_task.o(.data)
    .data                                    0x20000050   Section        8  rt_robin.o(.data)
    .data                                    0x20000058   Section        1  hal_cm3.o(.data)
    .data                                    0x2000005c   Section        4  rt_time.o(.data)
    .data                                    0x20000060   Section        8  rt_timer.o(.data)
    .bss                                     0x20000068   Section    12952  rtx_conf_cm.o(.bss)
    std_libspace                             0x20002560   Data        3360  rtx_conf_cm.o(.bss)
    std_libmutex                             0x20003280   Data         128  rtx_conf_cm.o(.bss)
    .bss                                     0x20003300   Section       48  rt_list.o(.bss)
    .bss                                     0x20003330   Section       96  libspace.o(.bss)
    HEAP                                     0x20003390   Section      512  startup_stm32l152xb.o(HEAP)
    Heap_Mem                                 0x20003390   Data         512  startup_stm32l152xb.o(HEAP)
    STACK                                    0x20003590   Section     1024  startup_stm32l152xb.o(STACK)
    Stack_Mem                                0x20003590   Data        1024  startup_stm32l152xb.o(STACK)
    __initial_sp                             0x20003990   Data           0  startup_stm32l152xb.o(STACK)

    Global Symbols

    Symbol Name                              Value     Ov Type        Size  Object(Section)

    BuildAttributes$$THM_ISAv4$P$D$K$B$S$PE$A:L22UL41UL21$X:L11$S22US41US21$IEEE1$IW$USESV6$~STKCKD$USESV7$~SHL$OSPACE$ROPI$EBA8$UX$STANDARDLIB$REQ8$PRES8$EABIv2 0x00000000   Number         0  anon$$obj.o ABSOLUTE
    __ARM_use_no_argv                        0x00000000   Number         0  main.o ABSOLUTE
    __ARM_exceptions_init                     - Undefined Weak Reference
    __alloca_initialize                       - Undefined Weak Reference
    __arm_preinit_                            - Undefined Weak Reference
    __cpp_initialize__aeabi_                  - Undefined Weak Reference
    __cxa_finalize                            - Undefined Weak Reference
    __rt_locale                               - Undefined Weak Reference
    __sigvec_lookup                           - Undefined Weak Reference
    _atexit_init                              - Undefined Weak Reference
    _call_atexit_fns                          - Undefined Weak Reference
    _clock_init                               - Undefined Weak Reference
    _fp_trap_init                             - Undefined Weak Reference
    _fp_trap_shutdown                         - Undefined Weak Reference
    _get_lc_collate                           - Undefined Weak Reference
    _get_lc_ctype                             - Undefined Weak Reference
    _get_lc_monetary                          - Undefined Weak Reference
    _get_lc_numeric                           - Undefined Weak Reference
    _get_lc_time                              - Undefined Weak Reference
    _getenv_init                              - Undefined Weak Reference
    _handle_redirection                       - Undefined Weak Reference
    _init_alloc                               - Undefined Weak Reference
    _init_user_alloc                          - Undefined Weak Reference
    _initio                                   - Undefined Weak Reference
    _rand_init                                - Undefined Weak Reference
    _signal_finish                            - Undefined Weak Reference
    _signal_init                              - Undefined Weak Reference
    _terminate_alloc                          - Undefined Weak Reference
    _terminate_user_alloc                     - Undefined Weak Reference
    _terminateio                              - Undefined Weak Reference
    __Vectors_Size                           0x000000f4   Number         0  startup_stm32l152xb.o ABSOLUTE
    __RL_RTX_VER                             0x00000475   Number         0  rt_system.o ABSOLUTE
    __Vectors                                0x08000000   Data           4  startup_stm32l152xb.o(RESET)
    __Vectors_End                            0x080000f4   Data           0  startup_stm32l152xb.o(RESET)
    __main                                   0x080000f5   Thumb Code     8  __main.o(!!!main)
    __scatterload                            0x080000fd   Thumb Code     0  __scatter.o(!!!scatter)
    __scatterload_rt2                        0x080000fd   Thumb Code    44  __scatter.o(!!!scatter)
    __scatterload_rt2_thumb_only             0x080000fd   Thumb Code     0  __scatter.o(!!!scatter)
    __scatterload_null                       0x0800010b   Thumb Code     0  __scatter.o(!!!scatter)
    __scatterload_copy                       0x08000131   Thumb Code    26  __scatter_copy.o(!!handler_copy)
    __scatterload_zeroinit                   0x0800014d   Thumb Code    28  __scatter_zi.o(!!handler_zi)
    __rt_lib_init                            0x08000169   Thumb Code     0  libinit.o(.ARM.Collect$$libinit$$00000000)
    __rt_lib_init_alloca_1                   0x0800016b   Thumb Code     0  libinit2.o(.ARM.Collect$$libinit$$0000002E)
    __rt_lib_init_argv_1                     0x0800016b   Thumb Code     0  libinit2.o(.ARM.Collect$$libinit$$0000002C)
    __rt_lib_init_atexit_1                   0x0800016b   Thumb Code     0  libinit2.o(.ARM.Collect$$libinit$$0000001B)
    __rt_lib_init_clock_1                    0x0800016b   Thumb Code     0  libinit2.o(.ARM.Collect$$libinit$$00000021)
    __rt_lib_init_cpp_1                      0x0800016b   Thumb Code     0  libinit2.o(.ARM.Collect$$libinit$$00000032)
    __rt_lib_init_exceptions_1               0x0800016b   Thumb Code     0  libinit2.o(.ARM.Collect$$libinit$$00000030)
    __rt_lib_init_fp_1                       0x0800016b   Thumb Code     0  libinit2.o(.ARM.Collect$$libinit$$00000002)
    __rt_lib_init_fp_trap_1                  0x0800016b   Thumb Code     0  libinit2.o(.ARM.Collect$$libinit$$0000001F)
    __rt_lib_init_getenv_1                   0x0800016b   Thumb Code     0  libinit2.o(.ARM.Collect$$libinit$$00000023)
    __rt_lib_init_heap_1                     0x0800016b   Thumb Code     0  libinit2.o(.ARM.Collect$$libinit$$0000000A)
    __rt_lib_init_lc_collate_1               0x0800016b   Thumb Code     0  libinit2.o(.ARM.Collect$$libinit$$00000011)
    __rt_lib_init_lc_ctype_1                 0x0800016b   Thumb Code     0  libinit2.o(.ARM.Collect$$libinit$$00000013)
    __rt_lib_init_lc_monetary_1              0x0800016b   Thumb Code     0  libinit2.o(.ARM.Collect$$libinit$$00000015)
    __rt_lib_init_lc_numeric_1               0x0800016b   Thumb Code     0  libinit2.o(.ARM.Collect$$libinit$$00000017)
    __rt_lib_init_lc_time_1                  0x0800016b   Thumb Code     0  libinit2.o(.ARM.Collect$$libinit$$00000019)
    __rt_lib_init_preinit_1                  0x0800016b   Thumb Code     0  libinit2.o(.ARM.Collect$$libinit$$00000004)
    __rt_lib_init_rand_1                     0x0800016b   Thumb Code     0  libinit2.o(.ARM.Collect$$libinit$$0000000E)
    __rt_lib_init_return                     0x0800016b   Thumb Code     0  libinit2.o(.ARM.Collect$$libinit$$00000033)
    __rt_lib_init_signal_1                   0x0800016b   Thumb Code     0  libinit2.o(.ARM.Collect$$libinit$$0000001D)
    __rt_lib_init_stdio_1                    0x0800016b   Thumb Code     0  libinit2.o(.ARM.Collect$$libinit$$00000025)
    __rt_lib_init_user_alloc_1               0x0800016b   Thumb Code     0  libinit2.o(.ARM.Collect$$libinit$$0000000C)
    __rt_lib_shutdown                        0x0800016d   Thumb Code     0  libshutdown.o(.ARM.Collect$$libshutdown$$00000000)
    __rt_lib_shutdown_cpp_1                  0x0800016f   Thumb Code     0  libshutdown2.o(.ARM.Collect$$libshutdown$$00000002)
    __rt_lib_shutdown_fp_trap_1              0x0800016f   Thumb Code     0  libshutdown2.o(.ARM.Collect$$libshutdown$$00000007)
    __rt_lib_shutdown_heap_1                 0x0800016f   Thumb Code     0  libshutdown2.o(.ARM.Collect$$libshutdown$$0000000F)
    __rt_lib_shutdown_return                 0x0800016f   Thumb Code     0  libshutdown2.o(.ARM.Collect$$libshutdown$$00000010)
    __rt_lib_shutdown_signal_1               0x0800016f   Thumb Code     0  libshutdown2.o(.ARM.Collect$$libshutdown$$0000000A)
    __rt_lib_shutdown_stdio_1                0x0800016f   Thumb Code     0  libshutdown2.o(.ARM.Collect$$libshutdown$$00000004)
    __rt_lib_shutdown_user_alloc_1           0x0800016f   Thumb Code     0  libshutdown2.o(.ARM.Collect$$libshutdown$$0000000C)
    __rt_entry                               0x08000171   Thumb Code     0  __rtentry.o(.ARM.Collect$$rtentry$$00000000)
    __rt_entry_presh_1                       0x08000171   Thumb Code     0  __rtentry2.o(.ARM.Collect$$rtentry$$00000002)
    __rt_entry_sh                            0x08000171   Thumb Code     0  __rtentry4.o(.ARM.Collect$$rtentry$$00000004)
    __rt_entry_li                            0x08000177   Thumb Code     0  __rtentry2.o(.ARM.Collect$$rtentry$$0000000A)
    __rt_entry_postsh_1                      0x08000177   Thumb Code     0  __rtentry2.o(.ARM.Collect$$rtentry$$00000009)
    __rt_entry_main                          0x0800017b   Thumb Code     0  __rtentry2.o(.ARM.Collect$$rtentry$$0000000D)
    __rt_entry_postli_1                      0x0800017b   Thumb Code     0  __rtentry2.o(.ARM.Collect$$rtentry$$0000000C)
    __rt_exit                                0x08000183   Thumb Code     0  rtexit.o(.ARM.Collect$$rtexit$$00000000)
    __rt_exit_ls                             0x08000185   Thumb Code     0  rtexit2.o(.ARM.Collect$$rtexit$$00000003)
    __rt_exit_prels_1                        0x08000185   Thumb Code     0  rtexit2.o(.ARM.Collect$$rtexit$$00000002)
    __rt_exit_exit                           0x08000189   Thumb Code     0  rtexit2.o(.ARM.Collect$$rtexit$$00000004)
    rt_set_PSP                               0x08000191   Thumb Code     6  hal_cm3.o(.emb_text)
    rt_get_PSP                               0x08000197   Thumb Code     6  hal_cm3.o(.emb_text)
    os_set_env                               0x0800019d   Thumb Code    24  hal_cm3.o(.emb_text)
    _alloc_box                               0x080001b9   Thumb Code    28  hal_cm3.o(.emb_text)
    _free_box                                0x080001d9   Thumb Code    28  hal_cm3.o(.emb_text)
    SVC_Handler                              0x080001f9   Thumb Code   124  hal_cm3.o(.emb_text)
    PendSV_Handler                           0x08000281   Thumb Code    76  hal_cm3.o(.emb_text)
    SysTick_Handler                          0x080002d1   Thumb Code     8  hal_cm3.o(.emb_text)
    OS_Tick_Handler                          0x080002d9   Thumb Code    12  hal_cm3.o(.emb_text)
    Reset_Handler                            0x080002e5   Thumb Code     8  startup_stm32l152xb.o(.text)
    NMI_Handler                              0x080002ed   Thumb Code     2  startup_stm32l152xb.o(.text)
    HardFault_Handler                        0x080002ef   Thumb Code     2  startup_stm32l152xb.o(.text)
    MemManage_Handler                        0x080002f1   Thumb Code     2  startup_stm32l152xb.o(.text)
    BusFault_Handler                         0x080002f3   Thumb Code     2  startup_stm32l152xb.o(.text)
    UsageFault_Handler                       0x080002f5   Thumb Code     2  startup_stm32l152xb.o(.text)
    DebugMon_Handler                         0x080002f9   Thumb Code     2  startup_stm32l152xb.o(.text)
    ADC1_IRQHandler                          0x080002ff   Thumb Code     0  startup_stm32l152xb.o(.text)
    COMP_IRQHandler                          0x080002ff   Thumb Code     0  startup_stm32l152xb.o(.text)
    DAC_IRQHandler                           0x080002ff   Thumb Code     0  startup_stm32l152xb.o(.text)
    DMA1_Channel1_IRQHandler                 0x080002ff   Thumb Code     0  startup_stm32l152xb.o(.text)
    DMA1_Channel2_IRQHandler                 0x080002ff   Thumb Code     0  startup_stm32l152xb.o(.text)
    DMA1_Channel3_IRQHandler                 0x080002ff   Thumb Code     0  startup_stm32l152xb.o(.text)
    DMA1_Channel4_IRQHandler                 0x080002ff   Thumb Code     0  startup_stm32l152xb.o(.text)
    DMA1_Channel5_IRQHandler                 0x080002ff   Thumb Code     0  startup_stm32l152xb.o(.text)
    DMA1_Channel6_IRQHandler                 0x080002ff   Thumb Code     0  startup_stm32l152xb.o(.text)
    DMA1_Channel7_IRQHandler                 0x080002ff   Thumb Code     0  startup_stm32l152xb.o(.text)
    EXTI0_IRQHandler                         0x080002ff   Thumb Code     0  startup_stm32l152xb.o(.text)
    EXTI15_10_IRQHandler                     0x080002ff   Thumb Code     0  startup_stm32l152xb.o(.text)
    EXTI1_IRQHandler                         0x080002ff   Thumb Code     0  startup_stm32l152xb.o(.text)
    EXTI2_IRQHandler                         0x080002ff   Thumb Code     0  startup_stm32l152xb.o(.text)
    EXTI3_IRQHandler                         0x080002ff   Thumb Code     0  startup_stm32l152xb.o(.text)
    EXTI4_IRQHandler                         0x080002ff   Thumb Code     0  startup_stm32l152xb.o(.text)
    EXTI9_5_IRQHandler                       0x080002ff   Thumb Code     0  startup_stm32l152xb.o(.text)
    FLASH_IRQHandler                         0x080002ff   Thumb Code     0  startup_stm32l152xb.o(.text)
    I2C1_ER_IRQHandler                       0x080002ff   Thumb Code     0  startup_stm32l152xb.o(.text)
    I2C1_EV_IRQHandler                       0x080002ff   Thumb Code     0  startup_stm32l152xb.o(.text)
    I2C2_ER_IRQHandler                       0x080002ff   Thumb Code     0  startup_stm32l152xb.o(.text)
    I2C2_EV_IRQHandler                       0x080002ff   Thumb Code     0  startup_stm32l152xb.o(.text)
    LCD_IRQHandler                           0x080002ff   Thumb Code     0  startup_stm32l152xb.o(.text)
    PVD_IRQHandler                           0x080002ff   Thumb Code     0  startup_stm32l152xb.o(.text)
    RCC_IRQHandler                           0x080002ff   Thumb Code     0  startup_stm32l152xb.o(.text)
    RTC_Alarm_IRQHandler                     0x080002ff   Thumb Code     0  startup_stm32l152xb.o(.text)
    RTC_WKUP_IRQHandler                      0x080002ff   Thumb Code     0  startup_stm32l152xb.o(.text)
    SPI1_IRQHandler                          0x080002ff   Thumb Code     0  startup_stm32l152xb.o(.text)
    SPI2_IRQHandler                          0x080002ff   Thumb Code     0  startup_stm32l152xb.o(.text)
    TAMPER_STAMP_IRQHandler                  0x080002ff   Thumb Code     0  startup_stm32l152xb.o(.text)
    TIM10_IRQHandler                         0x080002ff   Thumb Code     0  startup_stm32l152xb.o(.text)
    TIM11_IRQHandler                         0x080002ff   Thumb Code     0  startup_stm32l152xb.o(.text)
    TIM2_IRQHandler                          0x080002ff   Thumb Code     0  startup_stm32l152xb.o(.text)
    TIM3_IRQHandler                          0x080002ff   Thumb Code     0  startup_stm32l152xb.o(.text)
    TIM4_IRQHandler                          0x080002ff   Thumb Code     0  startup_stm32l152xb.o(.text)
    TIM6_IRQHandler                          0x080002ff   Thumb Code     0  startup_stm32l152xb.o(.text)
    TIM7_IRQHandler                          0x080002ff   Thumb Code     0  startup_stm32l152xb.o(.text)
    TIM9_IRQHandler                          0x080002ff   Thumb Code     0  startup_stm32l152xb.o(.text)
    USART1_IRQHandler                        0x080002ff   Thumb Code     0  startup_stm32l152xb.o(.text)
    USART2_IRQHandler                        0x080002ff   Thumb Code     0  startup_stm32l152xb.o(.text)
    USART3_IRQHandler                        0x080002ff   Thumb Code     0  startup_stm32l152xb.o(.text)
    USB_FS_WKUP_IRQHandler                   0x080002ff   Thumb Code     0  startup_stm32l152xb.o(.text)
    USB_HP_IRQHandler                        0x080002ff   Thumb Code     0  startup_stm32l152xb.o(.text)
    USB_LP_IRQHandler                        0x080002ff   Thumb Code     0  startup_stm32l152xb.o(.text)
    WWDG_IRQHandler                          0x080002ff   Thumb Code     0  startup_stm32l152xb.o(.text)
    __user_initial_stackheap                 0x08000301   Thumb Code     0  startup_stm32l152xb.o(.text)
    __user_libspace                          0x08000325   Thumb Code     8  libspace.o(.text)
    __user_perproc_libspace                  0x08000325   Thumb Code     0  libspace.o(.text)
    __use_two_region_memory                  0x0800032d   Thumb Code     2  heapauxi.o(.text)
    __rt_heap_escrow$2region                 0x0800032f   Thumb Code     2  heapauxi.o(.text)
    __rt_heap_expand$2region                 0x08000331   Thumb Code     2  heapauxi.o(.text)
    __user_setup_stackheap                   0x08000333   Thumb Code    74  sys_stackheap_outer.o(.text)
    exit                                     0x0800037d   Thumb Code    18  exit.o(.text)
    _sys_exit                                0x08000391   Thumb Code     8  sys_exit.o(.text)
    __I$use$semihosting                      0x0800039d   Thumb Code     0  use_no_semi.o(.text)
    __use_no_semihosting_swi                 0x0800039d   Thumb Code     2  use_no_semi.o(.text)
    __semihosting_library_function           0x0800039f   Thumb Code     0  indicate_semi.o(.text)
    SVC_Count                                0x080003a0   Data           4  svc_table.o(SVC_TABLE)
    DS1820_GPIO_Configure                    0x080003a5   Thumb Code    38  main.o(i.DS1820_GPIO_Configure)
    SVC_Table                                0x080003a4   Data           0  svc_table.o(SVC_TABLE)
    DS1820_ResetPulse                        0x080003d1   Thumb Code    66  main.o(i.DS1820_ResetPulse)
    DWT_Delay                                0x08000419   Thumb Code    34  dwt_delay.o(i.DWT_Delay)
    DWT_Init                                 0x08000449   Thumb Code    40  dwt_delay.o(i.DWT_Init)
    LL_GPIO_Init                             0x080004b1   Thumb Code   324  stm32l1xx_ll_gpio.o(i.LL_GPIO_Init)
    LL_Init1msTick                           0x08000661   Thumb Code    28  stm32l1xx_ll_utils.o(i.LL_Init1msTick)
    LL_SetSystemCoreClock                    0x0800068d   Thumb Code     6  stm32l1xx_ll_utils.o(i.LL_SetSystemCoreClock)
    LL_mDelay                                0x08000699   Thumb Code    40  stm32l1xx_ll_utils.o(i.LL_mDelay)
    OW_Master                                0x080006c1   Thumb Code    24  main.o(i.OW_Master)
    OW_ReadBit                               0x080006dd   Thumb Code    36  main.o(i.OW_ReadBit)
    OW_ReadByte                              0x08000705   Thumb Code    42  main.o(i.OW_ReadByte)
    OW_Slave                                 0x08000731   Thumb Code    24  main.o(i.OW_Slave)
    OW_WriteBit                              0x0800074d   Thumb Code    54  main.o(i.OW_WriteBit)
    OW_WriteByte                             0x08000789   Thumb Code    28  main.o(i.OW_WriteByte)
    SystemClock_Config                       0x080007a5   Thumb Code   282  main.o(i.SystemClock_Config)
    SystemInit                               0x080008d1   Thumb Code    82  system_stm32l1xx.o(i.SystemInit)
    TIMBase_Config                           0x08000935   Thumb Code    30  main.o(i.TIMBase_Config)
    TIM_GPIO_Config                          0x08000955   Thumb Code    74  main.o(i.TIM_GPIO_Config)
    _mutex_acquire                           0x080009a5   Thumb Code    26  rtx_conf_cm.o(i._mutex_acquire)
    _mutex_release                           0x080009c5   Thumb Code    22  rtx_conf_cm.o(i._mutex_release)
    dbg_task_switch                          0x080009e1   Thumb Code    16  hal_cm3.o(i.dbg_task_switch)
    fan_control                              0x080009f1   Thumb Code    42  main.o(i.fan_control)
    front_light_control                      0x08000a25   Thumb Code    28  main.o(i.front_light_control)
    get_temp                                 0x08000a45   Thumb Code   122  main.o(i.get_temp)
    getdistance                              0x08000ad9   Thumb Code   348  main.o(i.getdistance)
    house_light_control                      0x08000c69   Thumb Code    74  main.o(i.house_light_control)
    house_light_off                          0x08000cc5   Thumb Code    14  main.o(i.house_light_off)
    house_light_on                           0x08000cd9   Thumb Code    14  main.o(i.house_light_on)
    is_dark                                  0x08000ced   Thumb Code    54  main.o(i.is_dark)
    light_off                                0x08000d2d   Thumb Code    14  main.o(i.light_off)
    light_on                                 0x08000d41   Thumb Code    14  main.o(i.light_on)
    main                                     0x08000d55   Thumb Code    60  main.o(i.main)
    motor_config                             0x08000d91   Thumb Code    38  main.o(i.motor_config)
    motor_off                                0x08000dbd   Thumb Code    14  main.o(i.motor_off)
    motor_on                                 0x08000dd1   Thumb Code    14  main.o(i.motor_on)
    os_error                                 0x08000de5   Thumb Code     4  rtx_conf_cm.o(i.os_error)
    os_tick_irqack                           0x08000de9   Thumb Code     2  rt_system.o(i.os_tick_irqack)
    os_tmr_call                              0x08000deb   Thumb Code     2  rtx_conf_cm.o(i.os_tmr_call)
    rt_alloc_box                             0x08000ded   Thumb Code    26  rt_membox.o(i.rt_alloc_box)
    rt_block                                 0x08000e09   Thumb Code    48  rt_task.o(i.rt_block)
    rt_chk_robin                             0x08000e41   Thumb Code    60  rt_robin.o(i.rt_chk_robin)
    rt_dec_dly                               0x08000e89   Thumb Code   106  rt_list.o(i.rt_dec_dly)
    rt_dispatch                              0x08000efd   Thumb Code    60  rt_task.o(i.rt_dispatch)
    rt_evt_psh                               0x08000f41   Thumb Code    72  rt_event.o(i.rt_evt_psh)
    rt_free_box                              0x08000f8d   Thumb Code    32  rt_membox.o(i.rt_free_box)
    rt_get_first                             0x08000fad   Thumb Code    40  rt_list.o(i.rt_get_first)
    rt_mbx_psh                               0x08000fd5   Thumb Code   206  rt_mailbox.o(i.rt_mbx_psh)
    rt_mut_release                           0x080010a9   Thumb Code   220  rt_mutex.o(i.rt_mut_release)
    rt_mut_wait                              0x0800118d   Thumb Code   100  rt_mutex.o(i.rt_mut_wait)
    rt_pop_req                               0x080011f5   Thumb Code   112  rt_system.o(i.rt_pop_req)
    rt_put_dly                               0x08001271   Thumb Code    68  rt_list.o(i.rt_put_dly)
    rt_put_prio                              0x080012b9   Thumb Code    54  rt_list.o(i.rt_put_prio)
    rt_put_rdy_first                         0x080012f1   Thumb Code    14  rt_list.o(i.rt_put_rdy_first)
    rt_resort_prio                           0x08001305   Thumb Code    46  rt_list.o(i.rt_resort_prio)
    rt_rmv_dly                               0x08001339   Thumb Code    40  rt_list.o(i.rt_rmv_dly)
    rt_rmv_list                              0x08001361   Thumb Code    44  rt_list.o(i.rt_rmv_list)
    rt_sem_psh                               0x08001391   Thumb Code    46  rt_semaphore.o(i.rt_sem_psh)
    rt_stk_check                             0x080013c5   Thumb Code    28  rt_system.o(i.rt_stk_check)
    rt_switch_req                            0x080013e9   Thumb Code    30  rt_task.o(i.rt_switch_req)
    rt_systick                               0x08001411   Thumb Code    50  rt_system.o(i.rt_systick)
    rt_tmr_tick                              0x08001451   Thumb Code    56  rt_timer.o(i.rt_tmr_tick)
    rt_tsk_self                              0x08001491   Thumb Code    12  rt_task.o(i.rt_tsk_self)
    set_up_house_light                       0x080014a1   Thumb Code    42  main.o(i.set_up_house_light)
    set_up_light                             0x080014d5   Thumb Code    36  main.o(i.set_up_light)
    set_up_light_sensor                      0x08001501   Thumb Code   156  main.o(i.set_up_light_sensor)
    __aeabi_d2f                              0x080015ad   Thumb Code     0  d2f.o(x$fpl$d2f)
    _d2f                                     0x080015ad   Thumb Code    98  d2f.o(x$fpl$d2f)
    __fpl_dcmp_Inf                           0x0800160f   Thumb Code    24  dcmpi.o(x$fpl$dcmpinf)
    __aeabi_ddiv                             0x08001629   Thumb Code     0  ddiv.o(x$fpl$ddiv)
    _ddiv                                    0x08001629   Thumb Code   552  ddiv.o(x$fpl$ddiv)
    __aeabi_ui2d                             0x080018d9   Thumb Code     0  dflt_clz.o(x$fpl$dfltu)
    _dfltu                                   0x080018d9   Thumb Code    38  dflt_clz.o(x$fpl$dfltu)
    __aeabi_cdcmple                          0x08001901   Thumb Code     0  dleqf.o(x$fpl$dleqf)
    _dcmple                                  0x08001901   Thumb Code   120  dleqf.o(x$fpl$dleqf)
    __fpl_dcmple_InfNaN                      0x08001963   Thumb Code     0  dleqf.o(x$fpl$dleqf)
    __aeabi_dmul                             0x08001979   Thumb Code     0  dmul.o(x$fpl$dmul)
    _dmul                                    0x08001979   Thumb Code   332  dmul.o(x$fpl$dmul)
    __fpl_dnaninf                            0x08001acd   Thumb Code   156  dnaninf.o(x$fpl$dnaninf)
    __fpl_dretinf                            0x08001b69   Thumb Code    12  dretinf.o(x$fpl$dretinf)
    __aeabi_cdrcmple                         0x08001b75   Thumb Code     0  drleqf.o(x$fpl$drleqf)
    _drcmple                                 0x08001b75   Thumb Code   108  drleqf.o(x$fpl$drleqf)
    __aeabi_f2d                              0x08001be1   Thumb Code     0  f2d.o(x$fpl$f2d)
    _f2d                                     0x08001be1   Thumb Code    86  f2d.o(x$fpl$f2d)
    __aeabi_fdiv                             0x08001c39   Thumb Code     0  fdiv.o(x$fpl$fdiv)
    _fdiv                                    0x08001c39   Thumb Code   384  fdiv.o(x$fpl$fdiv)
    __aeabi_fmul                             0x08001dbd   Thumb Code     0  fmul.o(x$fpl$fmul)
    _fmul                                    0x08001dbd   Thumb Code   258  fmul.o(x$fpl$fmul)
    __fpl_fnaninf                            0x08001ebf   Thumb Code   140  fnaninf.o(x$fpl$fnaninf)
    __fpl_fretinf                            0x08001f4b   Thumb Code    10  fretinf.o(x$fpl$fretinf)
    __I$use$fp                               0x08001f54   Number         0  usenofp.o(x$fpl$usenofp)
    os_maxtaskrun                            0x08001f54   Data           2  rtx_conf_cm.o(.constdata)
    os_stackinfo                             0x08001f58   Data           4  rtx_conf_cm.o(.constdata)
    os_rrobin                                0x08001f5c   Data           4  rtx_conf_cm.o(.constdata)
    os_trv                                   0x08001f60   Data           4  rtx_conf_cm.o(.constdata)
    os_flags                                 0x08001f64   Data           1  rtx_conf_cm.o(.constdata)
    os_clockrate                             0x08001f68   Data           4  rtx_conf_cm.o(.constdata)
    os_timernum                              0x08001f6c   Data           4  rtx_conf_cm.o(.constdata)
    mp_tcb_size                              0x08001f70   Data           2  rtx_conf_cm.o(.constdata)
    mp_stk_size                              0x08001f74   Data           4  rtx_conf_cm.o(.constdata)
    os_fifo_size                             0x08001f78   Data           1  rtx_conf_cm.o(.constdata)
    mp_tmr_size                              0x08001f7a   Data           2  rtx_conf_cm.o(.constdata)
    RL_RTX_Version                           0x08001f7c   Data           4  rt_system.o(.constdata)
    Region$$Table$$Base                      0x08001f80   Number         0  anon$$obj.o(Region$$Table)
    Region$$Table$$Limit                     0x08001fa0   Number         0  anon$$obj.o(Region$$Table)
    SystemCoreClock                          0x20000000   Data           4  system_stm32l1xx.o(.data)
    ADC_DATA                                 0x20000004   Data           2  main.o(.data)
    temp1                                    0x20000006   Data           1  main.o(.data)
    temp2                                    0x20000007   Data           1  main.o(.data)
    t_temp                                   0x20000008   Data           2  main.o(.data)
    real_temp                                0x2000000c   Data           4  main.o(.data)
    done                                     0x20000010   Data           4  main.o(.data)
    rise_timestamp                           0x20000014   Data           2  main.o(.data)
    fall_timestamp                           0x20000016   Data           2  main.o(.data)
    up_cycle                                 0x20000018   Data           2  main.o(.data)
    state                                    0x2000001a   Data           1  main.o(.data)
    period                                   0x2000001c   Data           4  main.o(.data)
    distance                                 0x20000020   Data           4  main.o(.data)
    TIM2CLK                                  0x20000024   Data           4  main.o(.data)
    PSC                                      0x20000028   Data           4  main.o(.data)
    front_light                              0x2000002c   Data           4  main.o(.data)
    fan                                      0x20000030   Data           4  main.o(.data)
    dark                                     0x20000034   Data           1  main.o(.data)
    temp                                     0x20000038   Data           4  main.o(.data)
    is_on                                    0x2000003c   Data           1  main.o(.data)
    passed                                   0x2000003d   Data           1  main.o(.data)
    m_tmr                                    0x20000040   Data           4  rtx_conf_cm.o(.data)
    os_tsk                                   0x20000048   Data           8  rt_task.o(.data)
    os_robin                                 0x20000050   Data           8  rt_robin.o(.data)
    dbg_msg                                  0x20000058   Data           1  hal_cm3.o(.data)
    os_time                                  0x2000005c   Data           4  rt_time.o(.data)
    os_tmr                                   0x20000060   Data           8  rt_timer.o(.data)
    mp_tcb                                   0x20000068   Data        1972  rtx_conf_cm.o(.bss)
    mp_stk                                   0x20000820   Data        7216  rtx_conf_cm.o(.bss)
    os_fifo                                  0x20002450   Data         132  rtx_conf_cm.o(.bss)
    os_active_TCB                            0x200024d4   Data         140  rtx_conf_cm.o(.bss)
    os_rdy                                   0x20003300   Data          24  rt_list.o(.bss)
    os_dly                                   0x20003318   Data          24  rt_list.o(.bss)
    __libspace_start                         0x20003330   Data          96  libspace.o(.bss)
    __temporary_stack_top$libspace           0x20003390   Data           0  libspace.o(.bss)



==============================================================================

Memory Map of the image

  Image Entry point : 0x080002e5

  Load Region LR_1 (Base: 0x08000000, Size: 0x00002008, Max: 0xffffffff, ABSOLUTE)

    Execution Region ER_RO (Exec base: 0x08000000, Load base: 0x08000000, Size: 0x00001fa0, Max: 0xffffffff, ABSOLUTE)

    Exec Addr    Load Addr    Size         Type   Attr      Idx    E Section Name        Object

    0x08000000   0x08000000   0x000000f4   Data   RO           65    RESET               startup_stm32l152xb.o
    0x080000f4   0x080000f4   0x00000008   Code   RO         1482  * !!!main             c_w.l(__main.o)
    0x080000fc   0x080000fc   0x00000034   Code   RO         1673    !!!scatter          c_w.l(__scatter.o)
    0x08000130   0x08000130   0x0000001a   Code   RO         1675    !!handler_copy      c_w.l(__scatter_copy.o)
    0x0800014a   0x0800014a   0x00000002   PAD
    0x0800014c   0x0800014c   0x0000001c   Code   RO         1677    !!handler_zi        c_w.l(__scatter_zi.o)
    0x08000168   0x08000168   0x00000002   Code   RO         1546    .ARM.Collect$$libinit$$00000000  c_w.l(libinit.o)
    0x0800016a   0x0800016a   0x00000000   Code   RO         1550    .ARM.Collect$$libinit$$00000002  c_w.l(libinit2.o)
    0x0800016a   0x0800016a   0x00000000   Code   RO         1552    .ARM.Collect$$libinit$$00000004  c_w.l(libinit2.o)
    0x0800016a   0x0800016a   0x00000000   Code   RO         1555    .ARM.Collect$$libinit$$0000000A  c_w.l(libinit2.o)
    0x0800016a   0x0800016a   0x00000000   Code   RO         1557    .ARM.Collect$$libinit$$0000000C  c_w.l(libinit2.o)
    0x0800016a   0x0800016a   0x00000000   Code   RO         1559    .ARM.Collect$$libinit$$0000000E  c_w.l(libinit2.o)
    0x0800016a   0x0800016a   0x00000000   Code   RO         1562    .ARM.Collect$$libinit$$00000011  c_w.l(libinit2.o)
    0x0800016a   0x0800016a   0x00000000   Code   RO         1564    .ARM.Collect$$libinit$$00000013  c_w.l(libinit2.o)
    0x0800016a   0x0800016a   0x00000000   Code   RO         1566    .ARM.Collect$$libinit$$00000015  c_w.l(libinit2.o)
    0x0800016a   0x0800016a   0x00000000   Code   RO         1568    .ARM.Collect$$libinit$$00000017  c_w.l(libinit2.o)
    0x0800016a   0x0800016a   0x00000000   Code   RO         1570    .ARM.Collect$$libinit$$00000019  c_w.l(libinit2.o)
    0x0800016a   0x0800016a   0x00000000   Code   RO         1572    .ARM.Collect$$libinit$$0000001B  c_w.l(libinit2.o)
    0x0800016a   0x0800016a   0x00000000   Code   RO         1574    .ARM.Collect$$libinit$$0000001D  c_w.l(libinit2.o)
    0x0800016a   0x0800016a   0x00000000   Code   RO         1576    .ARM.Collect$$libinit$$0000001F  c_w.l(libinit2.o)
    0x0800016a   0x0800016a   0x00000000   Code   RO         1578    .ARM.Collect$$libinit$$00000021  c_w.l(libinit2.o)
    0x0800016a   0x0800016a   0x00000000   Code   RO         1580    .ARM.Collect$$libinit$$00000023  c_w.l(libinit2.o)
    0x0800016a   0x0800016a   0x00000000   Code   RO         1582    .ARM.Collect$$libinit$$00000025  c_w.l(libinit2.o)
    0x0800016a   0x0800016a   0x00000000   Code   RO         1586    .ARM.Collect$$libinit$$0000002C  c_w.l(libinit2.o)
    0x0800016a   0x0800016a   0x00000000   Code   RO         1588    .ARM.Collect$$libinit$$0000002E  c_w.l(libinit2.o)
    0x0800016a   0x0800016a   0x00000000   Code   RO         1590    .ARM.Collect$$libinit$$00000030  c_w.l(libinit2.o)
    0x0800016a   0x0800016a   0x00000000   Code   RO         1592    .ARM.Collect$$libinit$$00000032  c_w.l(libinit2.o)
    0x0800016a   0x0800016a   0x00000002   Code   RO         1593    .ARM.Collect$$libinit$$00000033  c_w.l(libinit2.o)
    0x0800016c   0x0800016c   0x00000002   Code   RO         1613    .ARM.Collect$$libshutdown$$00000000  c_w.l(libshutdown.o)
    0x0800016e   0x0800016e   0x00000000   Code   RO         1626    .ARM.Collect$$libshutdown$$00000002  c_w.l(libshutdown2.o)
    0x0800016e   0x0800016e   0x00000000   Code   RO         1628    .ARM.Collect$$libshutdown$$00000004  c_w.l(libshutdown2.o)
    0x0800016e   0x0800016e   0x00000000   Code   RO         1631    .ARM.Collect$$libshutdown$$00000007  c_w.l(libshutdown2.o)
    0x0800016e   0x0800016e   0x00000000   Code   RO         1634    .ARM.Collect$$libshutdown$$0000000A  c_w.l(libshutdown2.o)
    0x0800016e   0x0800016e   0x00000000   Code   RO         1636    .ARM.Collect$$libshutdown$$0000000C  c_w.l(libshutdown2.o)
    0x0800016e   0x0800016e   0x00000000   Code   RO         1639    .ARM.Collect$$libshutdown$$0000000F  c_w.l(libshutdown2.o)
    0x0800016e   0x0800016e   0x00000002   Code   RO         1640    .ARM.Collect$$libshutdown$$00000010  c_w.l(libshutdown2.o)
    0x08000170   0x08000170   0x00000000   Code   RO         1510    .ARM.Collect$$rtentry$$00000000  c_w.l(__rtentry.o)
    0x08000170   0x08000170   0x00000000   Code   RO         1523    .ARM.Collect$$rtentry$$00000002  c_w.l(__rtentry2.o)
    0x08000170   0x08000170   0x00000006   Code   RO         1535    .ARM.Collect$$rtentry$$00000004  c_w.l(__rtentry4.o)
    0x08000176   0x08000176   0x00000000   Code   RO         1525    .ARM.Collect$$rtentry$$00000009  c_w.l(__rtentry2.o)
    0x08000176   0x08000176   0x00000004   Code   RO         1526    .ARM.Collect$$rtentry$$0000000A  c_w.l(__rtentry2.o)
    0x0800017a   0x0800017a   0x00000000   Code   RO         1528    .ARM.Collect$$rtentry$$0000000C  c_w.l(__rtentry2.o)
    0x0800017a   0x0800017a   0x00000008   Code   RO         1529    .ARM.Collect$$rtentry$$0000000D  c_w.l(__rtentry2.o)
    0x08000182   0x08000182   0x00000002   Code   RO         1547    .ARM.Collect$$rtexit$$00000000  c_w.l(rtexit.o)
    0x08000184   0x08000184   0x00000000   Code   RO         1595    .ARM.Collect$$rtexit$$00000002  c_w.l(rtexit2.o)
    0x08000184   0x08000184   0x00000004   Code   RO         1596    .ARM.Collect$$rtexit$$00000003  c_w.l(rtexit2.o)
    0x08000188   0x08000188   0x00000006   Code   RO         1597    .ARM.Collect$$rtexit$$00000004  c_w.l(rtexit2.o)
    0x0800018e   0x0800018e   0x00000002   PAD
    0x08000190   0x08000190   0x00000154   Code   RO         1243    .emb_text           RTX_CM3.LIB(hal_cm3.o)
    0x080002e4   0x080002e4   0x00000040   Code   RO           66  * .text               startup_stm32l152xb.o
    0x08000324   0x08000324   0x00000008   Code   RO         1475    .text               c_w.l(libspace.o)
    0x0800032c   0x0800032c   0x00000006   Code   RO         1480    .text               c_w.l(heapauxi.o)
    0x08000332   0x08000332   0x0000004a   Code   RO         1537    .text               c_w.l(sys_stackheap_outer.o)
    0x0800037c   0x0800037c   0x00000012   Code   RO         1539    .text               c_w.l(exit.o)
    0x0800038e   0x0800038e   0x00000002   PAD
    0x08000390   0x08000390   0x0000000c   Code   RO         1605    .text               c_w.l(sys_exit.o)
    0x0800039c   0x0800039c   0x00000002   Code   RO         1616    .text               c_w.l(use_no_semi.o)
    0x0800039e   0x0800039e   0x00000000   Code   RO         1618    .text               c_w.l(indicate_semi.o)
    0x0800039e   0x0800039e   0x00000002   PAD
    0x080003a0   0x080003a0   0x00000004   Code   RO         1470    SVC_TABLE           RTX_CM3.LIB(svc_table.o)
    0x080003a4   0x080003a4   0x0000002c   Code   RO           73    i.DS1820_GPIO_Configure  main.o
    0x080003d0   0x080003d0   0x00000048   Code   RO           74    i.DS1820_ResetPulse  main.o
    0x08000418   0x08000418   0x00000030   Code   RO          346    i.DWT_Delay         dwt_delay.o
    0x08000448   0x08000448   0x00000030   Code   RO          347    i.DWT_Init          dwt_delay.o
    0x08000478   0x08000478   0x0000001c   Code   RO           75    i.LL_AHB1_GRP1_EnableClock  main.o
    0x08000494   0x08000494   0x0000001c   Code   RO           76    i.LL_APB1_GRP1_EnableClock  main.o
    0x080004b0   0x080004b0   0x00000144   Code   RO          779    i.LL_GPIO_Init      stm32l1xx_ll_gpio.o
    0x080005f4   0x080005f4   0x00000012   Code   RO           77    i.LL_GPIO_IsInputPinSet  main.o
    0x08000606   0x08000606   0x00000006   Code   RO           78    i.LL_GPIO_ResetOutputPin  main.o
    0x0800060c   0x0800060c   0x00000004   Code   RO           79    i.LL_GPIO_SetOutputPin  main.o
    0x08000610   0x08000610   0x00000028   Code   RO           80    i.LL_GPIO_SetPinMode  main.o
    0x08000638   0x08000638   0x00000028   Code   RO           81    i.LL_GPIO_SetPinPull  main.o
    0x08000660   0x08000660   0x0000001c   Code   RO          676    i.LL_Init1msTick    stm32l1xx_ll_utils.o
    0x0800067c   0x0800067c   0x00000010   Code   RO           82    i.LL_RCC_HSI_IsReady  main.o
    0x0800068c   0x0800068c   0x0000000c   Code   RO          683    i.LL_SetSystemCoreClock  stm32l1xx_ll_utils.o
    0x08000698   0x08000698   0x00000028   Code   RO          684    i.LL_mDelay         stm32l1xx_ll_utils.o
    0x080006c0   0x080006c0   0x0000001c   Code   RO           83    i.OW_Master         main.o
    0x080006dc   0x080006dc   0x00000028   Code   RO           84    i.OW_ReadBit        main.o
    0x08000704   0x08000704   0x0000002a   Code   RO           85    i.OW_ReadByte       main.o
    0x0800072e   0x0800072e   0x00000002   PAD
    0x08000730   0x08000730   0x0000001c   Code   RO           86    i.OW_Slave          main.o
    0x0800074c   0x0800074c   0x0000003c   Code   RO           87    i.OW_WriteBit       main.o
    0x08000788   0x08000788   0x0000001c   Code   RO           88    i.OW_WriteByte      main.o
    0x080007a4   0x080007a4   0x0000012c   Code   RO           89    i.SystemClock_Config  main.o
    0x080008d0   0x080008d0   0x00000064   Code   RO            5    i.SystemInit        system_stm32l1xx.o
    0x08000934   0x08000934   0x0000001e   Code   RO           90    i.TIMBase_Config    main.o
    0x08000952   0x08000952   0x00000002   PAD
    0x08000954   0x08000954   0x00000050   Code   RO           91    i.TIM_GPIO_Config   main.o
    0x080009a4   0x080009a4   0x00000020   Code   RO          829    i._mutex_acquire    rtx_conf_cm.o
    0x080009c4   0x080009c4   0x0000001c   Code   RO          831    i._mutex_release    rtx_conf_cm.o
    0x080009e0   0x080009e0   0x00000010   Code   RO         1246    i.dbg_task_switch   RTX_CM3.LIB(hal_cm3.o)
    0x080009f0   0x080009f0   0x00000034   Code   RO           92    i.fan_control       main.o
    0x08000a24   0x08000a24   0x00000020   Code   RO           93    i.front_light_control  main.o
    0x08000a44   0x08000a44   0x00000094   Code   RO           94    i.get_temp          main.o
    0x08000ad8   0x08000ad8   0x00000190   Code   RO           95    i.getdistance       main.o
    0x08000c68   0x08000c68   0x0000005c   Code   RO           96    i.house_light_control  main.o
    0x08000cc4   0x08000cc4   0x00000014   Code   RO           97    i.house_light_off   main.o
    0x08000cd8   0x08000cd8   0x00000014   Code   RO           98    i.house_light_on    main.o
    0x08000cec   0x08000cec   0x00000040   Code   RO           99    i.is_dark           main.o
    0x08000d2c   0x08000d2c   0x00000014   Code   RO          100    i.light_off         main.o
    0x08000d40   0x08000d40   0x00000014   Code   RO          101    i.light_on          main.o
    0x08000d54   0x08000d54   0x0000003c   Code   RO          102    i.main              main.o
    0x08000d90   0x08000d90   0x0000002c   Code   RO          103    i.motor_config      main.o
    0x08000dbc   0x08000dbc   0x00000014   Code   RO          104    i.motor_off         main.o
    0x08000dd0   0x08000dd0   0x00000014   Code   RO          105    i.motor_on          main.o
    0x08000de4   0x08000de4   0x00000004   Code   RO          832    i.os_error          rtx_conf_cm.o
    0x08000de8   0x08000de8   0x00000002   Code   RO         1026    i.os_tick_irqack    RTX_CM3.LIB(rt_system.o)
    0x08000dea   0x08000dea   0x00000002   Code   RO          834    i.os_tmr_call       rtx_conf_cm.o
    0x08000dec   0x08000dec   0x0000001a   Code   RO         1211    i.rt_alloc_box      RTX_CM3.LIB(rt_membox.o)
    0x08000e06   0x08000e06   0x00000002   PAD
    0x08000e08   0x08000e08   0x00000038   Code   RO          897    i.rt_block          RTX_CM3.LIB(rt_task.o)
    0x08000e40   0x08000e40   0x00000048   Code   RO         1188    i.rt_chk_robin      RTX_CM3.LIB(rt_robin.o)
    0x08000e88   0x08000e88   0x00000074   Code   RO         1109    i.rt_dec_dly        RTX_CM3.LIB(rt_list.o)
    0x08000efc   0x08000efc   0x00000044   Code   RO          898    i.rt_dispatch       RTX_CM3.LIB(rt_task.o)
    0x08000f40   0x08000f40   0x0000004c   Code   RO         1287    i.rt_evt_psh        RTX_CM3.LIB(rt_event.o)
    0x08000f8c   0x08000f8c   0x00000020   Code   RO         1212    i.rt_free_box       RTX_CM3.LIB(rt_membox.o)
    0x08000fac   0x08000fac   0x00000028   Code   RO         1110    i.rt_get_first      RTX_CM3.LIB(rt_list.o)
    0x08000fd4   0x08000fd4   0x000000d4   Code   RO         1330    i.rt_mbx_psh        RTX_CM3.LIB(rt_mailbox.o)
    0x080010a8   0x080010a8   0x000000e4   Code   RO          997    i.rt_mut_release    RTX_CM3.LIB(rt_mutex.o)
    0x0800118c   0x0800118c   0x00000068   Code   RO          998    i.rt_mut_wait       RTX_CM3.LIB(rt_mutex.o)
    0x080011f4   0x080011f4   0x0000007c   Code   RO         1027    i.rt_pop_req        RTX_CM3.LIB(rt_system.o)
    0x08001270   0x08001270   0x00000048   Code   RO         1113    i.rt_put_dly        RTX_CM3.LIB(rt_list.o)
    0x080012b8   0x080012b8   0x00000036   Code   RO         1114    i.rt_put_prio       RTX_CM3.LIB(rt_list.o)
    0x080012ee   0x080012ee   0x00000002   PAD
    0x080012f0   0x080012f0   0x00000014   Code   RO         1115    i.rt_put_rdy_first  RTX_CM3.LIB(rt_list.o)
    0x08001304   0x08001304   0x00000034   Code   RO         1116    i.rt_resort_prio    RTX_CM3.LIB(rt_list.o)
    0x08001338   0x08001338   0x00000028   Code   RO         1117    i.rt_rmv_dly        RTX_CM3.LIB(rt_list.o)
    0x08001360   0x08001360   0x00000030   Code   RO         1118    i.rt_rmv_list       RTX_CM3.LIB(rt_list.o)
    0x08001390   0x08001390   0x00000034   Code   RO         1376    i.rt_sem_psh        RTX_CM3.LIB(rt_semaphore.o)
    0x080013c4   0x080013c4   0x00000024   Code   RO         1030    i.rt_stk_check      RTX_CM3.LIB(rt_system.o)
    0x080013e8   0x080013e8   0x00000028   Code   RO          900    i.rt_switch_req     RTX_CM3.LIB(rt_task.o)
    0x08001410   0x08001410   0x00000040   Code   RO         1032    i.rt_systick        RTX_CM3.LIB(rt_system.o)
    0x08001450   0x08001450   0x00000040   Code   RO         1445    i.rt_tmr_tick       RTX_CM3.LIB(rt_timer.o)
    0x08001490   0x08001490   0x00000010   Code   RO          906    i.rt_tsk_self       RTX_CM3.LIB(rt_task.o)
    0x080014a0   0x080014a0   0x00000034   Code   RO          106    i.set_up_house_light  main.o
    0x080014d4   0x080014d4   0x0000002c   Code   RO          107    i.set_up_light      main.o
    0x08001500   0x08001500   0x000000ac   Code   RO          108    i.set_up_light_sensor  main.o
    0x080015ac   0x080015ac   0x00000062   Code   RO         1484    x$fpl$d2f           fz_ws.l(d2f.o)
    0x0800160e   0x0800160e   0x00000018   Code   RO         1511    x$fpl$dcmpinf       fz_ws.l(dcmpi.o)
    0x08001626   0x08001626   0x00000002   PAD
    0x08001628   0x08001628   0x000002b0   Code   RO         1487    x$fpl$ddiv          fz_ws.l(ddiv.o)
    0x080018d8   0x080018d8   0x00000026   Code   RO         1490    x$fpl$dfltu         fz_ws.l(dflt_clz.o)
    0x080018fe   0x080018fe   0x00000002   PAD
    0x08001900   0x08001900   0x00000078   Code   RO         1496    x$fpl$dleqf         fz_ws.l(dleqf.o)
    0x08001978   0x08001978   0x00000154   Code   RO         1498    x$fpl$dmul          fz_ws.l(dmul.o)
    0x08001acc   0x08001acc   0x0000009c   Code   RO         1513    x$fpl$dnaninf       fz_ws.l(dnaninf.o)
    0x08001b68   0x08001b68   0x0000000c   Code   RO         1515    x$fpl$dretinf       fz_ws.l(dretinf.o)
    0x08001b74   0x08001b74   0x0000006c   Code   RO         1500    x$fpl$drleqf        fz_ws.l(drleqf.o)
    0x08001be0   0x08001be0   0x00000056   Code   RO         1502    x$fpl$f2d           fz_ws.l(f2d.o)
    0x08001c36   0x08001c36   0x00000002   PAD
    0x08001c38   0x08001c38   0x00000184   Code   RO         1505    x$fpl$fdiv          fz_ws.l(fdiv.o)
    0x08001dbc   0x08001dbc   0x00000102   Code   RO         1508    x$fpl$fmul          fz_ws.l(fmul.o)
    0x08001ebe   0x08001ebe   0x0000008c   Code   RO         1517    x$fpl$fnaninf       fz_ws.l(fnaninf.o)
    0x08001f4a   0x08001f4a   0x0000000a   Code   RO         1519    x$fpl$fretinf       fz_ws.l(fretinf.o)
    0x08001f54   0x08001f54   0x00000000   Code   RO         1521    x$fpl$usenofp       fz_ws.l(usenofp.o)
    0x08001f54   0x08001f54   0x00000028   Data   RO          836    .constdata          rtx_conf_cm.o
    0x08001f7c   0x08001f7c   0x00000004   Data   RO         1035    .constdata          RTX_CM3.LIB(rt_system.o)
    0x08001f80   0x08001f80   0x00000020   Data   RO         1671    Region$$Table       anon$$obj.o


    Execution Region ER_RW (Exec base: 0x20000000, Load base: 0x08001fa0, Size: 0x00000068, Max: 0xffffffff, ABSOLUTE)

    Exec Addr    Load Addr    Size         Type   Attr      Idx    E Section Name        Object

    0x20000000   0x08001fa0   0x00000004   Data   RW            7    .data               system_stm32l1xx.o
    0x20000004   0x08001fa4   0x0000003a   Data   RW          110    .data               main.o
    0x2000003e   0x08001fde   0x00000002   PAD
    0x20000040   0x08001fe0   0x00000008   Data   RW          837    .data               rtx_conf_cm.o
    0x20000048   0x08001fe8   0x00000008   Data   RW          908    .data               RTX_CM3.LIB(rt_task.o)
    0x20000050   0x08001ff0   0x00000008   Data   RW         1190    .data               RTX_CM3.LIB(rt_robin.o)
    0x20000058   0x08001ff8   0x00000001   Data   RW         1248    .data               RTX_CM3.LIB(hal_cm3.o)
    0x20000059   0x08001ff9   0x00000003   PAD
    0x2000005c   0x08001ffc   0x00000004   Data   RW         1414    .data               RTX_CM3.LIB(rt_time.o)
    0x20000060   0x08002000   0x00000008   Data   RW         1446    .data               RTX_CM3.LIB(rt_timer.o)


    Execution Region ER_ZI (Exec base: 0x20000068, Load base: 0x08002008, Size: 0x00003928, Max: 0xffffffff, ABSOLUTE)

    Exec Addr    Load Addr    Size         Type   Attr      Idx    E Section Name        Object

    0x20000068        -       0x00003298   Zero   RW          835    .bss                rtx_conf_cm.o
    0x20003300        -       0x00000030   Zero   RW         1119    .bss                RTX_CM3.LIB(rt_list.o)
    0x20003330        -       0x00000060   Zero   RW         1476    .bss                c_w.l(libspace.o)
    0x20003390        -       0x00000200   Zero   RW           64    HEAP                startup_stm32l152xb.o
    0x20003590        -       0x00000400   Zero   RW           63    STACK               startup_stm32l152xb.o


==============================================================================

Image component sizes


      Code (inc. data)   RO Data    RW Data    ZI Data      Debug   Object Name

        96         22          0          0          0        943   dwt_delay.o
      2212        264          0         58          0      78206   main.o
        66         12         40          8      12952       3381   rtx_conf_cm.o
        64         26        244          0       1536        908   startup_stm32l152xb.o
       324          0          0          0          0       7395   stm32l1xx_ll_gpio.o
        80          6          0          0          0       6073   stm32l1xx_ll_utils.o
       100         18          0          4          0     270755   system_stm32l1xx.o

    ----------------------------------------------------------------------
      2946        348        316         72      14488     367661   Object Totals
         0          0         32          0          0          0   (incl. Generated)
         4          0          0          2          0          0   (incl. Padding)

    ----------------------------------------------------------------------

      Code (inc. data)   RO Data    RW Data    ZI Data      Debug   Library Member Name

       356         32          0          1          0       1328   hal_cm3.o
        76          4          0          0          0        613   rt_event.o
       442         30          0          0         48       4490   rt_list.o
       212          6          0          0          0        781   rt_mailbox.o
        58          0          0          0          0       1037   rt_membox.o
       332         12          0          0          0       1491   rt_mutex.o
        72         12          0          8          0        670   rt_robin.o
        52          6          0          0          0        537   rt_semaphore.o
       226         34          4          0          0       2596   rt_system.o
       180         30          0          8          0       4352   rt_task.o
         0          0          0          4          0        174   rt_time.o
        64          8          0          8          0        631   rt_timer.o
         4          4          0          0          0        168   svc_table.o
         8          0          0          0          0         68   __main.o
         0          0          0          0          0          0   __rtentry.o
        12          0          0          0          0          0   __rtentry2.o
         6          0          0          0          0          0   __rtentry4.o
        52          8          0          0          0          0   __scatter.o
        26          0          0          0          0          0   __scatter_copy.o
        28          0          0          0          0          0   __scatter_zi.o
        18          0          0          0          0         80   exit.o
         6          0          0          0          0        152   heapauxi.o
         0          0          0          0          0          0   indicate_semi.o
         2          0          0          0          0          0   libinit.o
         2          0          0          0          0          0   libinit2.o
         2          0          0          0          0          0   libshutdown.o
         2          0          0          0          0          0   libshutdown2.o
         8          4          0          0         96         68   libspace.o
         2          0          0          0          0          0   rtexit.o
        10          0          0          0          0          0   rtexit2.o
        12          4          0          0          0         68   sys_exit.o
        74          0          0          0          0         80   sys_stackheap_outer.o
         2          0          0          0          0         68   use_no_semi.o
        98          4          0          0          0         92   d2f.o
        24          0          0          0          0         68   dcmpi.o
       688        140          0          0          0        208   ddiv.o
        38          0          0          0          0         68   dflt_clz.o
       120          4          0          0          0         92   dleqf.o
       340         12          0          0          0        104   dmul.o
       156          4          0          0          0         92   dnaninf.o
        12          0          0          0          0         68   dretinf.o
       108          0          0          0          0         80   drleqf.o
        86          4          0          0          0         84   f2d.o
       388         76          0          0          0         96   fdiv.o
       258          4          0          0          0         84   fmul.o
       140          4          0          0          0         84   fnaninf.o
        10          0          0          0          0         68   fretinf.o
         0          0          0          0          0          0   usenofp.o

    ----------------------------------------------------------------------
      4830        446          4         32        144      20740   Library Totals
        18          0          0          3          0          0   (incl. Padding)

    ----------------------------------------------------------------------

      Code (inc. data)   RO Data    RW Data    ZI Data      Debug   Library Name

      2074        178          4         29         48      18868   RTX_CM3.LIB
       272         16          0          0         96        584   c_w.l
      2466        252          0          0          0       1288   fz_ws.l

    ----------------------------------------------------------------------
      4830        446          4         32        144      20740   Library Totals

    ----------------------------------------------------------------------

==============================================================================


      Code (inc. data)   RO Data    RW Data    ZI Data      Debug   

      7776        794        320        104      14632     384029   Grand Totals
      7776        794        320        104      14632     384029   ELF Image Totals
      7776        794        320        104          0          0   ROM Totals

==============================================================================

    Total RO  Size (Code + RO Data)                 8096 (   7.91kB)
    Total RW  Size (RW Data + ZI Data)             14736 (  14.39kB)
    Total ROM Size (Code + RO Data + RW Data)       8200 (   8.01kB)

==============================================================================

