<html>
<body>
<pre>
<h1>µVision Build Log</h1>
<h2>Tool Versions:</h2>
IDE-Version: µVision V5.28.0.0
Copyright (C) 2019 ARM Ltd and ARM Germany GmbH. All rights reserved.
License Information: Bhunnathon Treelertsakul, TNI, LIC=----
 
Tool Versions:
Toolchain:       MDK-Lite  Version: 5.28.0.0
Toolchain Path:  D:\Program Files\Keil_v5\ARM\ARMCC\Bin
C Compiler:      Armcc.exe V5.06 update 6 (build 750)
Assembler:       Armasm.exe V5.06 update 6 (build 750)
Linker/Locator:  ArmLink.exe V5.06 update 6 (build 750)
Library Manager: ArmAr.exe V5.06 update 6 (build 750)
Hex Converter:   FromElf.exe V5.06 update 6 (build 750)
CPU DLL:         SARMCM3.DLL V5.28.0.0
Dialog DLL:      DCM.DLL V1.17.3.0
Target DLL:      STLink\ST-LINKIII-KEIL_SWO.dll V3.0.6.0
Dialog DLL:      TCM.DLL V1.36.2.0
 
<h2>Project:</h2>
D:\Programming\CPE-311 Project\CPE-312 Template\Project\MDK-ARM\STM32L152RB.uvprojx
Project File Date:  02/06/2021

<h2>Output:</h2>
*** Using Compiler 'V5.06 update 6 (build 750)', folder: 'D:\Program Files\Keil_v5\ARM\ARMCC\Bin'
Rebuild target 'Demonstrate'
assembling startup_stm32l152xb.s...
compiling system_stm32l1xx.c...
compiling dwt_delay.c...
compiling main.c...
..\inc\light_sensor.h(15): warning:  #1295-D: Deprecated declaration set_up_light_sensor - give arg types
  void set_up_light_sensor();
..\inc\light_sensor.h(16): warning:  #1295-D: Deprecated declaration set_up_light - give arg types
  void set_up_light();
..\inc\light_sensor.h(17): warning:  #1295-D: Deprecated declaration light_on - give arg types
  void light_on();
..\inc\light_sensor.h(18): warning:  #1295-D: Deprecated declaration light_off - give arg types
  void light_off();
..\inc\light_sensor.h(19): warning:  #1295-D: Deprecated declaration is_dark - give arg types
  bool is_dark();
..\inc\light_sensor.h(20): warning:  #1295-D: Deprecated declaration get_light - give arg types
  uint16_t get_light();
..\inc\light_sensor.h(74): warning:  #1-D: last line of file ends without a newline
  }
..\inc\temp_sensor.h(23): warning:  #1295-D: Deprecated declaration motor_config - give arg types
  void motor_config();
..\inc\temp_sensor.h(24): warning:  #1295-D: Deprecated declaration motor_on - give arg types
  void motor_on();
..\inc\temp_sensor.h(25): warning:  #1295-D: Deprecated declaration motor_off - give arg types
  void motor_off();
..\inc\temp_sensor.h(30): warning:  #1295-D: Deprecated declaration get_temp - give arg types
  float get_temp();
..\inc\temp_sensor.h(191): warning:  #1-D: last line of file ends without a newline
  }
..\inc\ultrasonic.h(132): warning:  #1-D: last line of file ends without a newline
  }
..\src\main.c(8): warning:  #1295-D: Deprecated declaration front_light_control - give arg types
  __task void front_light_control();
..\src\main.c(9): warning:  #1295-D: Deprecated declaration fan_control - give arg types
  __task void fan_control();
..\src\main.c(15): warning:  #1295-D: Deprecated declaration house_light_control - give arg types
  void house_light_control();
..\src\main.c(53): warning:  #1461-D: function declared with "noreturn" does return
  }
..\src\main.c(67): warning:  #1461-D: function declared with "noreturn" does return
  }
..\src\main.c(91): warning:  #1-D: last line of file ends without a newline
  }
..\src\main.c: 19 warnings, 0 errors
compiling stm32l1xx_ll_lcd.c...
compiling stm32l152_glass_lcd.c...
compiling stm32l1xx_ll_pwr.c...
compiling stm32l1xx_ll_rcc.c...
compiling RTX_Conf_CM.c...
compiling stm32l1xx_ll_gpio.c...
compiling stm32l1xx_ll_utils.c...
linking...
Program Size: Code=7828 RO-data=320 RW-data=104 ZI-data=14632  
".\Objects\STM32L152RB.axf" - 0 Error(s), 19 Warning(s).

<h2>Software Packages used:</h2>

Package Vendor: Keil
                http://www.keil.com/pack/Keil.STM32L1xx_DFP.1.3.0.pack
                Keil.STM32L1xx_DFP.1.3.0
                STMicroelectronics STM32L1 Series Device Support and Examples

<h2>Collection of Component include folders:</h2>
  .\RTE\_Demonstrate
  C:\Users\PT\AppData\Local\Arm\Packs\Keil\STM32L1xx_DFP\1.3.0\Drivers\CMSIS\Device\ST\STM32L1xx\Include

<h2>Collection of Component Files used:</h2>
Build Time Elapsed:  00:00:03
</pre>
</body>
</html>
